2026-05-30 12:50:59.243: my pid: 250807
2026-05-30 12:50:59.243: model: model.general_recommender.SGL
2026-05-30 12:50:59.243: Dataset statistics:
Name: yelp2018
The number of users: 31668
The number of items: 38048
The number of ratings: 1561406
Average actions of users: 49.31
Average actions of items: 41.04
The sparsity of the dataset: 99.870412%

The number of training: 1237259
The number of validation: 0
The number of testing: 324147
2026-05-30 12:50:59.243: NeuRec:[NeuRec]:
recommender=SGL
dataset=yelp2018
file_column=UI
sep=','
gpu_id=0
metric=["Precision", "Recall", "NDCG"]
top_k=[20]
test_thread=8
test_batch_size=128
seed=42
start_testing_epoch=0

SGL:[hyperparameters]:
aug_type=ED
reg=1e-4
embed_size=64
n_layers=3
ssl_reg=0.1
ssl_ratio=0.1
ssl_temp=0.2
ssl_mode=both_side
lr=0.001
learner=adam
adj_type=pre
epochs=1000
batch_size=2048
num_negatives=1
param_init=xavier_uniform
stddev=0.01
verbose=1
stop_cnt=10
pretrain_flag=0
save_flag=0

Command line:
recommender=SGL
dataset=yelp2018
2026-05-30 12:51:04.353: metrics:	Precision@20	Recall@20   	NDCG@20     
2026-05-30 12:52:09.691: [iter 1 : loss : 1.8211 = 0.6931 + 1.1280 + 0.0000, time: 65.335421]
2026-05-30 12:52:16.301: epoch 1:	0.00199884  	0.00414905  	0.00341819  
2026-05-30 12:52:16.302: Find a better model.
2026-05-30 12:53:24.009: [iter 2 : loss : 1.8187 = 0.6930 + 1.1257 + 0.0000, time: 67.646766]
2026-05-30 12:53:27.413: epoch 2:	0.00271095  	0.00545721  	0.00463064  
2026-05-30 12:53:27.413: Find a better model.
2026-05-30 12:54:33.505: [iter 3 : loss : 1.8181 = 0.6929 + 1.1252 + 0.0000, time: 65.861355]
2026-05-30 12:54:36.877: epoch 3:	0.00354464  	0.00717371  	0.00599383  
2026-05-30 12:54:36.877: Find a better model.
2026-05-30 12:55:44.986: [iter 4 : loss : 1.8177 = 0.6927 + 1.1250 + 0.0000, time: 68.040701]
2026-05-30 12:55:48.384: epoch 4:	0.00464674  	0.00969996  	0.00802453  
2026-05-30 12:55:48.385: Find a better model.
2026-05-30 12:56:55.263: [iter 5 : loss : 1.8173 = 0.6924 + 1.1248 + 0.0000, time: 66.820682]
2026-05-30 12:56:58.790: epoch 5:	0.00533832  	0.01152874  	0.00924898  
2026-05-30 12:56:58.790: Find a better model.
2026-05-30 12:58:05.753: [iter 6 : loss : 1.8165 = 0.6916 + 1.1248 + 0.0000, time: 66.887443]
2026-05-30 12:58:09.287: epoch 6:	0.00379094  	0.00867791  	0.00670105  
2026-05-30 12:59:16.941: [iter 7 : loss : 1.8134 = 0.6883 + 1.1251 + 0.0000, time: 67.600626]
2026-05-30 12:59:20.416: epoch 7:	0.00499250  	0.01144090  	0.00893470  
2026-05-30 13:00:27.421: [iter 8 : loss : 1.8020 = 0.6745 + 1.1274 + 0.0001, time: 66.932863]
2026-05-30 13:00:30.870: epoch 8:	0.00934547  	0.02150634  	0.01763117  
2026-05-30 13:00:30.870: Find a better model.
2026-05-30 13:01:38.207: [iter 9 : loss : 1.7546 = 0.6169 + 1.1376 + 0.0002, time: 67.241798]
2026-05-30 13:01:41.594: epoch 9:	0.01459623  	0.03300940  	0.02673988  
2026-05-30 13:01:41.594: Find a better model.
2026-05-30 13:02:48.284: [iter 10 : loss : 1.6690 = 0.5171 + 1.1514 + 0.0005, time: 66.645541]
2026-05-30 13:02:51.738: epoch 10:	0.02425423  	0.05307119  	0.04381325  
2026-05-30 13:02:51.738: Find a better model.
2026-05-30 13:03:59.188: [iter 11 : loss : 1.5538 = 0.3821 + 1.1707 + 0.0010, time: 67.393058]
2026-05-30 13:04:02.566: epoch 11:	0.02746357  	0.06040557  	0.04964901  
2026-05-30 13:04:02.566: Find a better model.
2026-05-30 13:05:12.345: [iter 12 : loss : 1.4343 = 0.2446 + 1.1881 + 0.0017, time: 69.717811]
2026-05-30 13:05:15.686: epoch 12:	0.02829713  	0.06245286  	0.05137704  
2026-05-30 13:05:15.687: Find a better model.
2026-05-30 13:06:25.928: [iter 13 : loss : 1.3584 = 0.1685 + 1.1877 + 0.0023, time: 70.182602]
2026-05-30 13:06:29.232: epoch 13:	0.02885124  	0.06391414  	0.05256337  
2026-05-30 13:06:29.232: Find a better model.
2026-05-30 13:07:40.866: [iter 14 : loss : 1.3129 = 0.1297 + 1.1804 + 0.0028, time: 71.576931]
2026-05-30 13:07:44.206: epoch 14:	0.02923330  	0.06484522  	0.05346203  
2026-05-30 13:07:44.207: Find a better model.
2026-05-30 13:08:54.956: [iter 15 : loss : 1.2824 = 0.1060 + 1.1730 + 0.0033, time: 70.684615]
2026-05-30 13:08:58.468: epoch 15:	0.02962165  	0.06589679  	0.05426429  
2026-05-30 13:08:58.468: Find a better model.
2026-05-30 13:10:08.244: [iter 16 : loss : 1.2606 = 0.0898 + 1.1670 + 0.0038, time: 69.727887]
2026-05-30 13:10:11.443: epoch 16:	0.02983321  	0.06635837  	0.05470599  
2026-05-30 13:10:11.443: Find a better model.
2026-05-30 13:11:23.688: [iter 17 : loss : 1.2441 = 0.0778 + 1.1620 + 0.0042, time: 72.206327]
2026-05-30 13:11:27.016: epoch 17:	0.03003053  	0.06687734  	0.05504221  
2026-05-30 13:11:27.016: Find a better model.
2026-05-30 13:12:38.652: [iter 18 : loss : 1.2312 = 0.0686 + 1.1579 + 0.0046, time: 71.504145]
2026-05-30 13:12:41.839: epoch 18:	0.03013630  	0.06719039  	0.05526152  
2026-05-30 13:12:41.839: Find a better model.
2026-05-30 13:13:53.577: [iter 19 : loss : 1.2210 = 0.0615 + 1.1545 + 0.0050, time: 71.685099]
2026-05-30 13:13:56.925: epoch 19:	0.03020262  	0.06736759  	0.05538550  
2026-05-30 13:13:56.926: Find a better model.
2026-05-30 13:15:08.410: [iter 20 : loss : 1.2127 = 0.0556 + 1.1517 + 0.0054, time: 71.403261]
2026-05-30 13:15:11.816: epoch 20:	0.03023420  	0.06746636  	0.05546114  
2026-05-30 13:15:11.816: Find a better model.
2026-05-30 13:16:23.839: [iter 21 : loss : 1.2057 = 0.0507 + 1.1493 + 0.0057, time: 71.964872]
2026-05-30 13:16:27.275: epoch 21:	0.03010791  	0.06716236  	0.05529751  
2026-05-30 13:17:39.291: [iter 22 : loss : 1.1997 = 0.0463 + 1.1473 + 0.0060, time: 71.955319]
2026-05-30 13:17:42.683: epoch 22:	0.03001951  	0.06705153  	0.05511330  
2026-05-30 13:18:55.194: [iter 23 : loss : 1.1951 = 0.0432 + 1.1456 + 0.0063, time: 72.441327]
2026-05-30 13:18:58.459: epoch 23:	0.03001952  	0.06693926  	0.05507938  
2026-05-30 13:20:07.900: [iter 24 : loss : 1.1908 = 0.0400 + 1.1441 + 0.0066, time: 69.296246]
2026-05-30 13:20:11.171: epoch 24:	0.02989008  	0.06660213  	0.05489064  
2026-05-30 13:21:21.854: [iter 25 : loss : 1.1871 = 0.0375 + 1.1427 + 0.0069, time: 70.628934]
2026-05-30 13:21:25.141: epoch 25:	0.02986797  	0.06653862  	0.05475754  
2026-05-30 13:22:36.899: [iter 26 : loss : 1.1838 = 0.0350 + 1.1416 + 0.0072, time: 71.671678]
2026-05-30 13:22:42.632: epoch 26:	0.02976060  	0.06621877  	0.05459762  
2026-05-30 13:23:54.851: [iter 27 : loss : 1.1813 = 0.0333 + 1.1406 + 0.0074, time: 72.143728]
2026-05-30 13:23:58.321: epoch 27:	0.02962326  	0.06587208  	0.05433564  
2026-05-30 13:25:09.237: [iter 28 : loss : 1.1789 = 0.0316 + 1.1397 + 0.0077, time: 70.690871]
2026-05-30 13:25:13.023: epoch 28:	0.02965167  	0.06591450  	0.05421612  
2026-05-30 13:26:22.770: [iter 29 : loss : 1.1766 = 0.0298 + 1.1389 + 0.0079, time: 69.687029]
2026-05-30 13:26:25.995: epoch 29:	0.02956483  	0.06573723  	0.05411288  
2026-05-30 13:27:38.859: [iter 30 : loss : 1.1748 = 0.0286 + 1.1381 + 0.0081, time: 72.809135]
2026-05-30 13:27:42.199: epoch 30:	0.02946695  	0.06551240  	0.05391169  
2026-05-30 13:27:42.199: Early stopping is trigger at epoch: 30
2026-05-30 13:27:42.199: best_result@epoch 20:

2026-05-30 13:27:42.199: 		0.0302      	0.0675      	0.0555      
