2026-05-30 08:50:30.283: my pid: 61094
2026-05-30 08:50:30.283: model: model.general_recommender.SGL
2026-05-30 08:50:30.283: Dataset statistics:
Name: yelp2018
The number of users: 31668
The number of items: 38048
The number of ratings: 1561406
Average actions of users: 49.31
Average actions of items: 41.04
The sparsity of the dataset: 99.870412%

The number of training: 1237259
The number of validation: 0
The number of testing: 324147
2026-05-30 08:50:30.283: NeuRec:[NeuRec]:
recommender=SGL
dataset=yelp2018
file_column=UI
sep=','
gpu_id=0
metric=["Precision", "Recall", "NDCG"]
top_k=[20]
test_thread=8
test_batch_size=128
seed=42
start_testing_epoch=0

SGL:[hyperparameters]:
aug_type=ED
reg=1e-4
embed_size=64
n_layers=3
ssl_reg=0.1
ssl_ratio=0.1
ssl_temp=0.2
ssl_mode=both_side
lr=0.001
learner=adam
adj_type=pre
epochs=1000
batch_size=2048
num_negatives=1
param_init=xavier_uniform
stddev=0.01
verbose=1
stop_cnt=10
pretrain_flag=0
save_flag=0
hard_alpha=0.5

Command line:
recommender=SGL
dataset=yelp2018
hard_alpha=0.5
2026-05-30 08:50:36.230: metrics:	Precision@20	Recall@20   	NDCG@20     
2026-05-30 08:51:50.911: [iter 1 : loss : 1.8162 = 0.6931 + 1.1231 + 0.0000, time: 74.679303]
2026-05-30 08:51:58.170: epoch 1:	0.00196253  	0.00390593  	0.00317788  
2026-05-30 08:51:58.171: Find a better model.
2026-05-30 08:53:12.246: [iter 2 : loss : 1.8143 = 0.6930 + 1.1213 + 0.0000, time: 73.988056]
2026-05-30 08:53:15.849: epoch 2:	0.00288937  	0.00590178  	0.00494630  
2026-05-30 08:53:15.850: Find a better model.
2026-05-30 08:54:29.349: [iter 3 : loss : 1.8141 = 0.6929 + 1.1212 + 0.0000, time: 73.022168]
2026-05-30 08:54:33.190: epoch 3:	0.00376726  	0.00776495  	0.00646017  
2026-05-30 08:54:33.190: Find a better model.
2026-05-30 08:55:44.729: [iter 4 : loss : 1.8138 = 0.6927 + 1.1211 + 0.0000, time: 71.450392]
2026-05-30 08:55:48.421: epoch 4:	0.00474464  	0.01006221  	0.00830555  
2026-05-30 08:55:48.422: Find a better model.
2026-05-30 08:57:01.791: [iter 5 : loss : 1.8136 = 0.6924 + 1.1211 + 0.0000, time: 73.298769]
2026-05-30 08:57:05.402: epoch 5:	0.00506516  	0.01112419  	0.00891511  
2026-05-30 08:57:05.402: Find a better model.
2026-05-30 08:58:18.979: [iter 6 : loss : 1.8127 = 0.6915 + 1.1212 + 0.0000, time: 73.508211]
2026-05-30 08:58:25.603: epoch 6:	0.00348620  	0.00799955  	0.00604707  
2026-05-30 08:59:38.343: [iter 7 : loss : 1.8099 = 0.6881 + 1.1217 + 0.0000, time: 72.661669]
2026-05-30 08:59:41.741: epoch 7:	0.00470987  	0.01067037  	0.00842525  
2026-05-30 09:00:54.171: [iter 8 : loss : 1.7977 = 0.6729 + 1.1248 + 0.0001, time: 72.361269]
2026-05-30 09:00:57.490: epoch 8:	0.00919076  	0.02098393  	0.01714659  
2026-05-30 09:00:57.491: Find a better model.
2026-05-30 09:02:09.529: [iter 9 : loss : 1.7477 = 0.6114 + 1.1361 + 0.0002, time: 71.936290]
2026-05-30 09:02:12.792: epoch 9:	0.01482515  	0.03285147  	0.02712108  
2026-05-30 09:02:12.793: Find a better model.
2026-05-30 09:03:24.976: [iter 10 : loss : 1.6601 = 0.5092 + 1.1504 + 0.0005, time: 72.105156]
2026-05-30 09:03:28.406: epoch 10:	0.02485253  	0.05436587  	0.04458379  
2026-05-30 09:03:28.406: Find a better model.
2026-05-30 09:04:39.460: [iter 11 : loss : 1.5349 = 0.3604 + 1.1735 + 0.0010, time: 70.988554]
2026-05-30 09:04:44.068: epoch 11:	0.02692049  	0.05930536  	0.04864189  
2026-05-30 09:04:44.069: Find a better model.
2026-05-30 09:05:54.728: [iter 12 : loss : 1.4146 = 0.2240 + 1.1888 + 0.0017, time: 70.572627]
2026-05-30 09:05:58.227: epoch 12:	0.02791506  	0.06162217  	0.05059440  
2026-05-30 09:05:58.227: Find a better model.
2026-05-30 09:07:09.436: [iter 13 : loss : 1.3439 = 0.1565 + 1.1851 + 0.0023, time: 71.052584]
2026-05-30 09:07:12.868: epoch 13:	0.02860656  	0.06344020  	0.05204152  
2026-05-30 09:07:12.868: Find a better model.
2026-05-30 09:08:24.951: [iter 14 : loss : 1.3020 = 0.1224 + 1.1767 + 0.0028, time: 72.008478]
2026-05-30 09:08:31.009: epoch 14:	0.02904858  	0.06479333  	0.05314582  
2026-05-30 09:08:31.010: Find a better model.
2026-05-30 09:09:43.515: [iter 15 : loss : 1.2736 = 0.1010 + 1.1693 + 0.0033, time: 72.431081]
2026-05-30 09:09:46.733: epoch 15:	0.02937221  	0.06561621  	0.05377797  
2026-05-30 09:09:46.733: Find a better model.
2026-05-30 09:10:58.076: [iter 16 : loss : 1.2533 = 0.0862 + 1.1633 + 0.0038, time: 71.198343]
2026-05-30 09:11:01.622: epoch 16:	0.02961062  	0.06629062  	0.05427976  
2026-05-30 09:11:01.622: Find a better model.
2026-05-30 09:12:13.643: [iter 17 : loss : 1.2382 = 0.0755 + 1.1585 + 0.0042, time: 71.978937]
2026-05-30 09:12:16.766: epoch 17:	0.02980482  	0.06672171  	0.05460259  
2026-05-30 09:12:16.766: Find a better model.
2026-05-30 09:13:29.851: [iter 18 : loss : 1.2259 = 0.0668 + 1.1545 + 0.0046, time: 72.983986]
2026-05-30 09:13:33.379: epoch 18:	0.02990742  	0.06689998  	0.05476638  
2026-05-30 09:13:33.379: Find a better model.
2026-05-30 09:14:44.706: [iter 19 : loss : 1.2164 = 0.0601 + 1.1513 + 0.0049, time: 71.274540]
2026-05-30 09:14:48.088: epoch 19:	0.03005108  	0.06728928  	0.05508494  
2026-05-30 09:14:48.088: Find a better model.
2026-05-30 09:15:58.915: [iter 20 : loss : 1.2083 = 0.0544 + 1.1486 + 0.0053, time: 70.753177]
2026-05-30 09:16:02.076: epoch 20:	0.03009215  	0.06727921  	0.05518772  
2026-05-30 09:17:12.536: [iter 21 : loss : 1.2014 = 0.0495 + 1.1463 + 0.0056, time: 70.328015]
2026-05-30 09:17:16.189: epoch 21:	0.03014109  	0.06731490  	0.05524051  
2026-05-30 09:17:16.189: Find a better model.
2026-05-30 09:18:27.949: [iter 22 : loss : 1.1959 = 0.0456 + 1.1443 + 0.0059, time: 71.690977]
2026-05-30 09:18:31.763: epoch 22:	0.03005740  	0.06700192  	0.05502589  
2026-05-30 09:19:42.120: [iter 23 : loss : 1.1913 = 0.0425 + 1.1426 + 0.0062, time: 70.302463]
2026-05-30 09:19:45.573: epoch 23:	0.03001949  	0.06695300  	0.05496408  
2026-05-30 09:20:57.813: [iter 24 : loss : 1.1874 = 0.0398 + 1.1411 + 0.0065, time: 72.077107]
2026-05-30 09:21:01.490: epoch 24:	0.02997215  	0.06672258  	0.05482169  
2026-05-30 09:22:11.067: [iter 25 : loss : 1.1837 = 0.0371 + 1.1399 + 0.0067, time: 69.500711]
2026-05-30 09:22:14.892: epoch 25:	0.02986952  	0.06650377  	0.05467102  
2026-05-30 09:23:27.271: [iter 26 : loss : 1.1809 = 0.0352 + 1.1387 + 0.0070, time: 72.320052]
2026-05-30 09:23:30.606: epoch 26:	0.02980323  	0.06626374  	0.05450783  
2026-05-30 09:24:41.290: [iter 27 : loss : 1.1781 = 0.0332 + 1.1377 + 0.0072, time: 70.633570]
2026-05-30 09:24:44.821: epoch 27:	0.02970378  	0.06592236  	0.05434734  
2026-05-30 09:25:56.529: [iter 28 : loss : 1.1760 = 0.0317 + 1.1368 + 0.0075, time: 71.606267]
2026-05-30 09:25:59.944: epoch 28:	0.02965168  	0.06569975  	0.05414585  
2026-05-30 09:27:09.867: [iter 29 : loss : 1.1736 = 0.0299 + 1.1360 + 0.0077, time: 69.837724]
2026-05-30 09:27:13.363: epoch 29:	0.02958539  	0.06548869  	0.05398556  
2026-05-30 09:28:23.041: [iter 30 : loss : 1.1718 = 0.0286 + 1.1353 + 0.0079, time: 69.645630]
2026-05-30 09:28:26.481: epoch 30:	0.02944648  	0.06510524  	0.05377183  
2026-05-30 09:29:37.224: [iter 31 : loss : 1.1702 = 0.0275 + 1.1346 + 0.0081, time: 70.646306]
2026-05-30 09:29:40.806: epoch 31:	0.02935174  	0.06494754  	0.05361107  
2026-05-30 09:29:40.806: Early stopping is trigger at epoch: 31
2026-05-30 09:29:40.806: best_result@epoch 21:

2026-05-30 09:29:40.806: 		0.0301      	0.0673      	0.0552      
