2026-05-29 01:17:49.360: my pid: 455203
2026-05-29 01:17:49.361: model: model.general_recommender.SGL
2026-05-29 01:17:49.361: Dataset statistics:
Name: yelp2018
The number of users: 31668
The number of items: 38048
The number of ratings: 1561406
Average actions of users: 49.31
Average actions of items: 41.04
The sparsity of the dataset: 99.870412%

The number of training: 1237259
The number of validation: 0
The number of testing: 324147
2026-05-29 01:17:49.361: NeuRec:[NeuRec]:
recommender=SGL
dataset=yelp2018
file_column=UI
sep=','
gpu_id=0
metric=["Precision", "Recall", "NDCG"]
top_k=[20]
test_thread=8
test_batch_size=128
seed=42
start_testing_epoch=0

SGL:[hyperparameters]:
aug_type=ED
reg=1e-4
embed_size=64
n_layers=3
ssl_reg=0.1
ssl_ratio=0.1
ssl_temp=0.2
ssl_mode=both_side
lr=0.001
learner=adam
adj_type=pre
epochs=1000
batch_size=2048
num_negatives=1
param_init=xavier_uniform
stddev=0.01
verbose=1
stop_cnt=10
pretrain_flag=0
save_flag=0

Command line:
recommender=SGL
dataset=yelp2018
2026-05-29 01:17:56.305: metrics:	Precision@20	Recall@20   	NDCG@20     
2026-05-29 01:20:26.872: [iter 1 : loss : 1.8214 = 0.6931 + 1.1283 + 0.0000, time: 150.565005]
2026-05-29 01:20:30.045: epoch 1:	0.00180780  	0.00351833  	0.00291660  
2026-05-29 01:20:30.045: Find a better model.
2026-05-29 01:23:00.251: [iter 2 : loss : 1.8193 = 0.6930 + 1.1263 + 0.0000, time: 150.168068]
2026-05-29 01:23:03.098: epoch 2:	0.00271253  	0.00540723  	0.00449793  
2026-05-29 01:23:03.098: Find a better model.
2026-05-29 01:25:33.459: [iter 3 : loss : 1.8191 = 0.6929 + 1.1262 + 0.0000, time: 150.315344]
2026-05-29 01:25:36.252: epoch 3:	0.00350358  	0.00702155  	0.00599506  
2026-05-29 01:25:36.252: Find a better model.
2026-05-29 01:28:06.494: [iter 4 : loss : 1.8188 = 0.6927 + 1.1261 + 0.0000, time: 150.206275]
2026-05-29 01:28:09.412: epoch 4:	0.00452516  	0.00931511  	0.00768395  
2026-05-29 01:28:09.412: Find a better model.
2026-05-29 01:30:39.449: [iter 5 : loss : 1.8186 = 0.6925 + 1.1261 + 0.0000, time: 150.000499]
2026-05-29 01:30:45.139: epoch 5:	0.00517569  	0.01113700  	0.00887551  
2026-05-29 01:30:45.139: Find a better model.
2026-05-29 01:33:15.303: [iter 6 : loss : 1.8180 = 0.6919 + 1.1262 + 0.0000, time: 150.120430]
2026-05-29 01:33:18.128: epoch 6:	0.00365041  	0.00803241  	0.00634968  
2026-05-29 01:35:48.722: [iter 7 : loss : 1.8156 = 0.6890 + 1.1266 + 0.0000, time: 150.350461]
2026-05-29 01:35:51.520: epoch 7:	0.00436882  	0.00978545  	0.00768728  
2026-05-29 01:38:21.955: [iter 8 : loss : 1.8077 = 0.6790 + 1.1286 + 0.0000, time: 150.401860]
2026-05-29 01:38:24.815: epoch 8:	0.00784249  	0.01779375  	0.01451400  
2026-05-29 01:38:24.816: Find a better model.
2026-05-29 01:40:55.274: [iter 9 : loss : 1.7694 = 0.6317 + 1.1376 + 0.0002, time: 150.407976]
2026-05-29 01:40:58.091: epoch 9:	0.01284386  	0.02901876  	0.02377765  
2026-05-29 01:40:58.092: Find a better model.
2026-05-29 01:43:28.489: [iter 10 : loss : 1.6883 = 0.5359 + 1.1520 + 0.0004, time: 150.343668]
2026-05-29 01:43:31.235: epoch 10:	0.02333546  	0.05075901  	0.04198397  
2026-05-29 01:43:31.235: Find a better model.
2026-05-29 01:46:01.778: [iter 11 : loss : 1.5752 = 0.4032 + 1.1711 + 0.0009, time: 150.510974]
2026-05-29 01:46:04.657: epoch 11:	0.02694733  	0.05934144  	0.04874060  
2026-05-29 01:46:04.657: Find a better model.
2026-05-29 01:48:34.866: [iter 12 : loss : 1.4491 = 0.2572 + 1.1903 + 0.0016, time: 150.169732]
2026-05-29 01:48:37.801: epoch 12:	0.02792291  	0.06165414  	0.05061410  
2026-05-29 01:48:37.801: Find a better model.
2026-05-29 01:51:08.034: [iter 13 : loss : 1.3669 = 0.1738 + 1.1908 + 0.0022, time: 150.184513]
2026-05-29 01:51:10.892: epoch 13:	0.02865862  	0.06339189  	0.05222298  
2026-05-29 01:51:10.893: Find a better model.
2026-05-29 01:53:41.296: [iter 14 : loss : 1.3185 = 0.1323 + 1.1834 + 0.0028, time: 150.362395]
2026-05-29 01:53:44.275: epoch 14:	0.02917016  	0.06469356  	0.05322358  
2026-05-29 01:53:44.276: Find a better model.
2026-05-29 01:56:14.703: [iter 15 : loss : 1.2866 = 0.1075 + 1.1759 + 0.0033, time: 150.383807]
2026-05-29 01:56:17.414: epoch 15:	0.02949222  	0.06567245  	0.05391375  
2026-05-29 01:56:17.414: Find a better model.
2026-05-29 01:58:47.467: [iter 16 : loss : 1.2641 = 0.0907 + 1.1696 + 0.0037, time: 150.010959]
2026-05-29 01:58:50.456: epoch 16:	0.02960114  	0.06603876  	0.05429861  
2026-05-29 01:58:50.456: Find a better model.
2026-05-29 02:01:21.202: [iter 17 : loss : 1.2475 = 0.0788 + 1.1645 + 0.0042, time: 150.710101]
2026-05-29 02:01:24.133: epoch 17:	0.02979690  	0.06643850  	0.05456822  
2026-05-29 02:01:24.133: Find a better model.
2026-05-29 02:03:54.645: [iter 18 : loss : 1.2341 = 0.0692 + 1.1603 + 0.0046, time: 150.473103]
2026-05-29 02:03:57.460: epoch 18:	0.02982531  	0.06654575  	0.05479753  
2026-05-29 02:03:57.461: Find a better model.
2026-05-29 02:06:27.944: [iter 19 : loss : 1.2238 = 0.0620 + 1.1569 + 0.0050, time: 150.447029]
2026-05-29 02:06:30.830: epoch 19:	0.02986634  	0.06680057  	0.05492762  
2026-05-29 02:06:30.830: Find a better model.
2026-05-29 02:09:01.298: [iter 20 : loss : 1.2152 = 0.0558 + 1.1541 + 0.0053, time: 150.435659]
2026-05-29 02:09:04.259: epoch 20:	0.02985843  	0.06679893  	0.05499437  
2026-05-29 02:11:34.536: [iter 21 : loss : 1.2079 = 0.0507 + 1.1516 + 0.0056, time: 150.242801]
2026-05-29 02:11:37.334: epoch 21:	0.02994844  	0.06683459  	0.05503332  
2026-05-29 02:11:37.335: Find a better model.
2026-05-29 02:14:07.420: [iter 22 : loss : 1.2019 = 0.0463 + 1.1496 + 0.0060, time: 150.044136]
2026-05-29 02:14:10.087: epoch 22:	0.02995791  	0.06696090  	0.05500986  
2026-05-29 02:14:10.088: Find a better model.
2026-05-29 02:16:39.836: [iter 23 : loss : 1.1971 = 0.0430 + 1.1478 + 0.0063, time: 149.698497]
2026-05-29 02:16:42.496: epoch 23:	0.02995319  	0.06685609  	0.05489247  
2026-05-29 02:19:12.784: [iter 24 : loss : 1.1930 = 0.0402 + 1.1463 + 0.0066, time: 150.246085]
2026-05-29 02:19:15.605: epoch 24:	0.02989003  	0.06654768  	0.05467384  
2026-05-29 02:21:45.510: [iter 25 : loss : 1.1892 = 0.0374 + 1.1449 + 0.0068, time: 149.866682]
2026-05-29 02:21:48.343: epoch 25:	0.02984897  	0.06649566  	0.05456156  
2026-05-29 02:24:18.415: [iter 26 : loss : 1.1864 = 0.0355 + 1.1438 + 0.0071, time: 150.035347]
2026-05-29 02:24:21.218: epoch 26:	0.02983319  	0.06639799  	0.05440106  
2026-05-29 02:26:51.082: [iter 27 : loss : 1.1835 = 0.0333 + 1.1428 + 0.0073, time: 149.828168]
2026-05-29 02:26:53.714: epoch 27:	0.02971005  	0.06603841  	0.05418006  
2026-05-29 02:29:23.820: [iter 28 : loss : 1.1811 = 0.0317 + 1.1418 + 0.0076, time: 150.076311]
2026-05-29 02:29:26.523: epoch 28:	0.02963426  	0.06589887  	0.05401392  
2026-05-29 02:31:56.496: [iter 29 : loss : 1.1787 = 0.0299 + 1.1410 + 0.0078, time: 149.936539]
2026-05-29 02:31:59.353: epoch 29:	0.02960584  	0.06580541  	0.05385835  
2026-05-29 02:34:29.318: [iter 30 : loss : 1.1769 = 0.0286 + 1.1403 + 0.0080, time: 149.923715]
2026-05-29 02:34:32.034: epoch 30:	0.02951272  	0.06547213  	0.05366788  
2026-05-29 02:37:02.089: [iter 31 : loss : 1.1752 = 0.0274 + 1.1396 + 0.0082, time: 150.014587]
2026-05-29 02:37:04.674: epoch 31:	0.02934853  	0.06503095  	0.05332704  
2026-05-29 02:39:34.407: [iter 32 : loss : 1.1735 = 0.0261 + 1.1390 + 0.0084, time: 149.696763]
2026-05-29 02:39:37.017: epoch 32:	0.02921592  	0.06459726  	0.05309278  
2026-05-29 02:39:37.017: Early stopping is trigger at epoch: 32
2026-05-29 02:39:37.017: best_result@epoch 22:

2026-05-29 02:39:37.017: 		0.0300      	0.0670      	0.0550      
