2026-05-29 00:08:12.231: my pid: 390717
2026-05-29 00:08:12.231: model: model.general_recommender.SGL
2026-05-29 00:08:12.231: Dataset statistics:
Name: yelp2018
The number of users: 31668
The number of items: 38048
The number of ratings: 1561406
Average actions of users: 49.31
Average actions of items: 41.04
The sparsity of the dataset: 99.870412%

The number of training: 1237259
The number of validation: 0
The number of testing: 324147
2026-05-29 00:08:12.231: NeuRec:[NeuRec]:
recommender=SGL
dataset=yelp2018
file_column=UI
sep=','
gpu_id=0
metric=["Precision", "Recall", "NDCG"]
top_k=[20]
test_thread=8
test_batch_size=128
seed=42
start_testing_epoch=0

SGL:[hyperparameters]:
aug_type=ED
reg=1e-4
embed_size=64
n_layers=3
ssl_reg=0.1
ssl_ratio=0.1
ssl_temp=0.2
ssl_mode=both_side
lr=0.001
learner=adam
adj_type=pre
epochs=1000
batch_size=2048
num_negatives=1
param_init=xavier_uniform
stddev=0.01
verbose=1
stop_cnt=10
pretrain_flag=0
save_flag=0

Command line:
recommender=SGL
dataset=yelp2018
2026-05-29 00:08:18.740: metrics:	Precision@20	Recall@20   	NDCG@20     
2026-05-29 00:10:48.988: [iter 1 : loss : 1.8214 = 0.6931 + 1.1283 + 0.0000, time: 150.245818]
2026-05-29 00:10:54.482: epoch 1:	0.00180780  	0.00351833  	0.00291656  
2026-05-29 00:10:54.482: Find a better model.
2026-05-29 00:13:23.690: [iter 2 : loss : 1.8193 = 0.6930 + 1.1263 + 0.0000, time: 149.174624]
2026-05-29 00:13:26.479: epoch 2:	0.00271253  	0.00540723  	0.00449793  
2026-05-29 00:13:26.479: Find a better model.
