2026-05-30 13:33:02.304: my pid: 310544
2026-05-30 13:33:02.304: model: model.general_recommender.SGL
2026-05-30 13:33:02.304: Dataset statistics:
Name: yelp2018
The number of users: 31668
The number of items: 38048
The number of ratings: 1561406
Average actions of users: 49.31
Average actions of items: 41.04
The sparsity of the dataset: 99.870412%

The number of training: 1237259
The number of validation: 0
The number of testing: 324147
2026-05-30 13:33:02.304: NeuRec:[NeuRec]:
recommender=SGL
dataset=yelp2018
file_column=UI
sep=','
gpu_id=0
metric=["Precision", "Recall", "NDCG"]
top_k=[20]
test_thread=8
test_batch_size=128
seed=42
start_testing_epoch=0

SGL:[hyperparameters]:
aug_type=ED
reg=1e-4
embed_size=64
n_layers=3
ssl_reg=0.1
ssl_ratio=0.1
ssl_temp=0.2
ssl_mode=both_side
lr=0.001
learner=adam
adj_type=pre
epochs=1000
batch_size=2048
num_negatives=1
param_init=xavier_uniform
stddev=0.01
verbose=1
stop_cnt=10
pretrain_flag=0
save_flag=0

Command line:
recommender=SGL
dataset=yelp2018
2026-05-30 13:33:07.792: metrics:	Precision@20	Recall@20   	NDCG@20     
2026-05-30 13:35:25.935: [iter 1 : loss : 2.9823 = 0.6931 + 2.2892 + 0.0000, time: 138.140637]
2026-05-30 13:35:30.126: epoch 1:	0.00188675  	0.00403867  	0.00320014  
2026-05-30 13:35:30.127: Find a better model.
2026-05-30 13:37:48.959: [iter 2 : loss : 2.9645 = 0.6930 + 2.2715 + 0.0000, time: 138.445780]
2026-05-30 13:37:52.596: epoch 2:	0.00254832  	0.00530877  	0.00436447  
2026-05-30 13:37:52.596: Find a better model.
2026-05-30 13:40:12.518: [iter 3 : loss : 2.9635 = 0.6929 + 2.2705 + 0.0000, time: 139.793314]
2026-05-30 13:40:16.052: epoch 3:	0.00288148  	0.00609355  	0.00512917  
2026-05-30 13:40:16.052: Find a better model.
2026-05-30 13:42:34.047: [iter 4 : loss : 2.9630 = 0.6928 + 2.2702 + 0.0000, time: 137.903427]
2026-05-30 13:42:37.269: epoch 4:	0.00327148  	0.00681077  	0.00566172  
2026-05-30 13:42:37.269: Find a better model.
2026-05-30 13:44:56.383: [iter 5 : loss : 2.9627 = 0.6927 + 2.2700 + 0.0000, time: 138.987596]
2026-05-30 13:44:59.762: epoch 5:	0.00344990  	0.00744773  	0.00615776  
2026-05-30 13:44:59.762: Find a better model.
2026-05-30 13:47:18.925: [iter 6 : loss : 2.9624 = 0.6926 + 2.2698 + 0.0000, time: 138.935189]
2026-05-30 13:47:22.504: epoch 6:	0.00380200  	0.00814416  	0.00678123  
2026-05-30 13:47:22.504: Find a better model.
2026-05-30 13:49:39.414: [iter 7 : loss : 2.9622 = 0.6924 + 2.2698 + 0.0000, time: 136.767617]
2026-05-30 13:49:42.914: epoch 7:	0.00434675  	0.00921967  	0.00772437  
2026-05-30 13:49:42.914: Find a better model.
2026-05-30 13:51:59.627: [iter 8 : loss : 2.9621 = 0.6922 + 2.2698 + 0.0000, time: 136.566229]
2026-05-30 13:52:02.879: epoch 8:	0.00484727  	0.01040857  	0.00872512  
2026-05-30 13:52:02.879: Find a better model.
2026-05-30 13:54:21.338: [iter 9 : loss : 2.9619 = 0.6920 + 2.2699 + 0.0000, time: 138.261281]
2026-05-30 13:54:24.775: epoch 9:	0.00528938  	0.01136472  	0.00969093  
2026-05-30 13:54:24.775: Find a better model.
2026-05-30 13:56:41.447: [iter 10 : loss : 2.9616 = 0.6916 + 2.2700 + 0.0000, time: 136.536848]
2026-05-30 13:56:44.794: epoch 10:	0.00571885  	0.01244843  	0.01057987  
2026-05-30 13:56:44.794: Find a better model.
2026-05-30 13:59:02.562: [iter 11 : loss : 2.9612 = 0.6910 + 2.2702 + 0.0000, time: 137.600130]
2026-05-30 13:59:05.971: epoch 11:	0.00633622  	0.01379497  	0.01155668  
2026-05-30 13:59:05.971: Find a better model.
2026-05-30 14:01:23.332: [iter 12 : loss : 2.9606 = 0.6902 + 2.2704 + 0.0000, time: 137.190553]
2026-05-30 14:01:26.809: epoch 12:	0.00675937  	0.01470396  	0.01235264  
2026-05-30 14:01:26.810: Find a better model.
2026-05-30 14:03:44.854: [iter 13 : loss : 2.9594 = 0.6886 + 2.2708 + 0.0000, time: 137.847902]
2026-05-30 14:03:48.296: epoch 13:	0.00633147  	0.01416473  	0.01149999  
2026-05-30 14:06:05.003: [iter 14 : loss : 2.9563 = 0.6846 + 2.2716 + 0.0000, time: 136.502456]
2026-05-30 14:06:08.595: epoch 14:	0.00560356  	0.01298334  	0.01041935  
2026-05-30 14:08:25.267: [iter 15 : loss : 2.9501 = 0.6773 + 2.2728 + 0.0001, time: 136.533163]
2026-05-30 14:08:29.017: epoch 15:	0.00681617  	0.01573334  	0.01264618  
2026-05-30 14:08:29.017: Find a better model.
2026-05-30 14:10:47.742: [iter 16 : loss : 2.9362 = 0.6614 + 2.2747 + 0.0001, time: 138.594709]
2026-05-30 14:10:51.021: epoch 16:	0.00854347  	0.01936356  	0.01561410  
2026-05-30 14:10:51.021: Find a better model.
2026-05-30 14:13:10.006: [iter 17 : loss : 2.9065 = 0.6265 + 2.2797 + 0.0003, time: 138.780369]
2026-05-30 14:13:13.376: epoch 17:	0.01012377  	0.02252417  	0.01840830  
2026-05-30 14:13:13.377: Find a better model.
2026-05-30 14:15:32.214: [iter 18 : loss : 2.8658 = 0.5796 + 2.2857 + 0.0005, time: 138.666348]
2026-05-30 14:15:35.714: epoch 18:	0.01209878  	0.02666379  	0.02185252  
2026-05-30 14:15:35.715: Find a better model.
2026-05-30 14:17:52.627: [iter 19 : loss : 2.8183 = 0.5259 + 2.2916 + 0.0008, time: 136.782296]
2026-05-30 14:17:56.193: epoch 19:	0.01511730  	0.03346657  	0.02747009  
2026-05-30 14:17:56.193: Find a better model.
2026-05-30 14:20:14.754: [iter 20 : loss : 2.7638 = 0.4658 + 2.2969 + 0.0011, time: 138.367717]
2026-05-30 14:20:18.054: epoch 20:	0.01971274  	0.04390577  	0.03628428  
2026-05-30 14:20:18.054: Find a better model.
2026-05-30 14:22:36.211: [iter 21 : loss : 2.7040 = 0.4011 + 2.3013 + 0.0015, time: 137.992895]
2026-05-30 14:22:39.585: epoch 21:	0.02441541  	0.05506750  	0.04548029  
2026-05-30 14:22:39.585: Find a better model.
2026-05-30 14:24:58.308: [iter 22 : loss : 2.6438 = 0.3362 + 2.3056 + 0.0020, time: 138.593258]
2026-05-30 14:25:01.766: epoch 22:	0.02762160  	0.06221630  	0.05135084  
2026-05-30 14:25:01.767: Find a better model.
2026-05-30 14:27:20.356: [iter 23 : loss : 2.5903 = 0.2786 + 2.3091 + 0.0025, time: 138.405973]
2026-05-30 14:27:23.860: epoch 23:	0.02915918  	0.06576723  	0.05406793  
2026-05-30 14:27:23.860: Find a better model.
2026-05-30 14:29:42.369: [iter 24 : loss : 2.5458 = 0.2315 + 2.3113 + 0.0030, time: 138.253247]
2026-05-30 14:29:45.706: epoch 24:	0.02980010  	0.06734952  	0.05510909  
2026-05-30 14:29:45.707: Find a better model.
2026-05-30 14:32:03.122: [iter 25 : loss : 2.5112 = 0.1954 + 2.3123 + 0.0035, time: 137.247313]
2026-05-30 14:32:06.583: epoch 25:	0.03000374  	0.06792507  	0.05558525  
2026-05-30 14:32:06.583: Find a better model.
2026-05-30 14:34:24.815: [iter 26 : loss : 2.4840 = 0.1677 + 2.3123 + 0.0040, time: 138.034553]
2026-05-30 14:34:28.231: epoch 26:	0.03015688  	0.06817379  	0.05579609  
2026-05-30 14:34:28.231: Find a better model.
2026-05-30 14:36:47.006: [iter 27 : loss : 2.4622 = 0.1460 + 2.3118 + 0.0044, time: 138.585015]
2026-05-30 14:36:50.299: epoch 27:	0.03009056  	0.06802049  	0.05573901  
2026-05-30 14:39:08.354: [iter 28 : loss : 2.4451 = 0.1293 + 2.3108 + 0.0049, time: 137.887828]
2026-05-30 14:39:11.668: epoch 28:	0.03006846  	0.06786905  	0.05562815  
2026-05-30 14:41:31.327: [iter 29 : loss : 2.4311 = 0.1162 + 2.3097 + 0.0053, time: 139.491071]
2026-05-30 14:41:34.995: epoch 29:	0.03007795  	0.06784677  	0.05553503  
2026-05-30 14:43:52.941: [iter 30 : loss : 2.4196 = 0.1055 + 2.3084 + 0.0056, time: 137.825337]
2026-05-30 14:43:56.200: epoch 30:	0.02997534  	0.06761642  	0.05530201  
2026-05-30 14:46:14.787: [iter 31 : loss : 2.4100 = 0.0969 + 2.3071 + 0.0060, time: 138.429534]
2026-05-30 14:46:18.307: epoch 31:	0.02986643  	0.06734354  	0.05505770  
2026-05-30 14:48:37.062: [iter 32 : loss : 2.4015 = 0.0895 + 2.3057 + 0.0064, time: 138.634627]
2026-05-30 14:48:40.141: epoch 32:	0.02971015  	0.06693420  	0.05474431  
2026-05-30 14:50:56.912: [iter 33 : loss : 2.3945 = 0.0834 + 2.3045 + 0.0067, time: 136.571865]
2026-05-30 14:51:00.329: epoch 33:	0.02961227  	0.06663992  	0.05452571  
2026-05-30 14:53:17.494: [iter 34 : loss : 2.3885 = 0.0781 + 2.3034 + 0.0070, time: 137.010803]
2026-05-30 14:53:21.090: epoch 34:	0.02947650  	0.06617106  	0.05425650  
2026-05-30 14:55:38.939: [iter 35 : loss : 2.3827 = 0.0731 + 2.3022 + 0.0073, time: 137.643518]
2026-05-30 14:55:42.622: epoch 35:	0.02938337  	0.06588928  	0.05408572  
2026-05-30 14:58:00.919: [iter 36 : loss : 2.3781 = 0.0694 + 2.3012 + 0.0076, time: 137.961613]
2026-05-30 14:58:04.175: epoch 36:	0.02926811  	0.06569178  	0.05385181  
2026-05-30 14:58:04.175: Early stopping is trigger at epoch: 36
2026-05-30 14:58:04.175: best_result@epoch 26:

2026-05-30 14:58:04.176: 		0.0302      	0.0682      	0.0558      
