2026-05-30 12:03:26.164: my pid: 191068
2026-05-30 12:03:26.165: model: model.general_recommender.SGL
2026-05-30 12:03:26.165: Dataset statistics:
Name: yelp2018
The number of users: 31668
The number of items: 38048
The number of ratings: 1561406
Average actions of users: 49.31
Average actions of items: 41.04
The sparsity of the dataset: 99.870412%

The number of training: 1237259
The number of validation: 0
The number of testing: 324147
2026-05-30 12:03:26.165: NeuRec:[NeuRec]:
recommender=SGL
dataset=yelp2018
file_column=UI
sep=','
gpu_id=0
metric=["Precision", "Recall", "NDCG"]
top_k=[20]
test_thread=8
test_batch_size=128
seed=42
start_testing_epoch=0

SGL:[hyperparameters]:
aug_type=ED
reg=1e-4
embed_size=64
n_layers=3
ssl_reg=0.1
ssl_ratio=0.1
ssl_temp=0.2
ssl_mode=both_side
lr=0.001
learner=adam
adj_type=pre
epochs=1000
batch_size=2048
num_negatives=1
param_init=xavier_uniform
stddev=0.01
verbose=1
stop_cnt=10
pretrain_flag=0
save_flag=0

Command line:
recommender=SGL
dataset=yelp2018
2026-05-30 12:03:31.388: metrics:	Precision@20	Recall@20   	NDCG@20     
2026-05-30 12:04:35.366: [iter 1 : loss : 1.8212 = 0.6931 + 1.1281 + 0.0000, time: 63.976272]
2026-05-30 12:04:41.480: epoch 1:	0.00186306  	0.00372000  	0.00302944  
2026-05-30 12:04:41.480: Find a better model.
2026-05-30 12:05:44.587: [iter 2 : loss : 1.8193 = 0.6930 + 1.1263 + 0.0000, time: 63.077366]
2026-05-30 12:05:47.942: epoch 2:	0.00275674  	0.00566063  	0.00468929  
2026-05-30 12:05:47.943: Find a better model.
2026-05-30 12:06:52.176: [iter 3 : loss : 1.8191 = 0.6929 + 1.1262 + 0.0000, time: 64.123362]
2026-05-30 12:06:55.644: epoch 3:	0.00349095  	0.00718853  	0.00604031  
2026-05-30 12:06:55.644: Find a better model.
2026-05-30 12:08:01.127: [iter 4 : loss : 1.8188 = 0.6927 + 1.1261 + 0.0000, time: 65.367269]
2026-05-30 12:08:04.307: epoch 4:	0.00444464  	0.00935088  	0.00772859  
2026-05-30 12:08:04.308: Find a better model.
2026-05-30 12:09:08.279: [iter 5 : loss : 1.8186 = 0.6925 + 1.1261 + 0.0000, time: 63.901387]
2026-05-30 12:09:11.679: epoch 5:	0.00498937  	0.01085276  	0.00885264  
2026-05-30 12:09:11.679: Find a better model.
2026-05-30 12:10:16.422: [iter 6 : loss : 1.8180 = 0.6918 + 1.1262 + 0.0000, time: 64.686088]
2026-05-30 12:10:19.906: epoch 6:	0.00354778  	0.00811386  	0.00611386  
2026-05-30 12:11:23.208: [iter 7 : loss : 1.8155 = 0.6888 + 1.1266 + 0.0000, time: 63.270255]
2026-05-30 12:11:26.425: epoch 7:	0.00424882  	0.00980630  	0.00772041  
2026-05-30 12:12:30.589: [iter 8 : loss : 1.8071 = 0.6783 + 1.1288 + 0.0000, time: 64.059911]
2026-05-30 12:12:34.131: epoch 8:	0.00814721  	0.01846542  	0.01502030  
2026-05-30 12:12:34.132: Find a better model.
2026-05-30 12:13:38.729: [iter 9 : loss : 1.7665 = 0.6281 + 1.1383 + 0.0002, time: 64.515078]
2026-05-30 12:13:42.134: epoch 9:	0.01326223  	0.02981143  	0.02462270  
2026-05-30 12:13:42.134: Find a better model.
2026-05-30 12:14:47.140: [iter 10 : loss : 1.6837 = 0.5303 + 1.1529 + 0.0004, time: 64.951576]
2026-05-30 12:14:50.547: epoch 10:	0.02385013  	0.05188478  	0.04294267  
2026-05-30 12:14:50.547: Find a better model.
2026-05-30 12:15:51.938: [iter 11 : loss : 1.5677 = 0.3938 + 1.1730 + 0.0009, time: 61.342115]
2026-05-30 12:15:55.241: epoch 11:	0.02690472  	0.05920594  	0.04864617  
2026-05-30 12:15:55.241: Find a better model.
2026-05-30 12:16:56.642: [iter 12 : loss : 1.4427 = 0.2496 + 1.1915 + 0.0016, time: 61.344663]
2026-05-30 12:17:00.249: epoch 12:	0.02790560  	0.06153867  	0.05057520  
2026-05-30 12:17:00.249: Find a better model.
2026-05-30 12:18:03.024: [iter 13 : loss : 1.3632 = 0.1702 + 1.1908 + 0.0022, time: 62.672748]
2026-05-30 12:18:06.534: epoch 13:	0.02867761  	0.06352659  	0.05208539  
2026-05-30 12:18:06.534: Find a better model.
2026-05-30 12:19:08.974: [iter 14 : loss : 1.3165 = 0.1306 + 1.1831 + 0.0028, time: 62.398625]
2026-05-30 12:19:12.443: epoch 14:	0.02911173  	0.06494724  	0.05322360  
2026-05-30 12:19:12.443: Find a better model.
2026-05-30 12:20:14.892: [iter 15 : loss : 1.2854 = 0.1066 + 1.1755 + 0.0033, time: 62.407623]
2026-05-30 12:20:18.043: epoch 15:	0.02949851  	0.06584211  	0.05389650  
2026-05-30 12:20:18.043: Find a better model.
2026-05-30 12:21:22.502: [iter 16 : loss : 1.2633 = 0.0902 + 1.1694 + 0.0038, time: 64.398567]
2026-05-30 12:21:25.905: epoch 16:	0.02968008  	0.06632739  	0.05432153  
2026-05-30 12:21:25.905: Find a better model.
2026-05-30 12:22:29.610: [iter 17 : loss : 1.2469 = 0.0784 + 1.1643 + 0.0042, time: 63.658490]
2026-05-30 12:22:33.054: epoch 17:	0.02992796  	0.06688251  	0.05472952  
2026-05-30 12:22:33.054: Find a better model.
2026-05-30 12:23:35.056: [iter 18 : loss : 1.2338 = 0.0690 + 1.1602 + 0.0046, time: 61.899110]
2026-05-30 12:23:38.686: epoch 18:	0.02998953  	0.06713258  	0.05490416  
2026-05-30 12:23:38.687: Find a better model.
2026-05-30 12:24:40.383: [iter 19 : loss : 1.2236 = 0.0618 + 1.1568 + 0.0050, time: 61.665396]
2026-05-30 12:24:43.881: epoch 19:	0.03002110  	0.06713268  	0.05507375  
2026-05-30 12:24:43.881: Find a better model.
2026-05-30 12:25:45.699: [iter 20 : loss : 1.2151 = 0.0557 + 1.1540 + 0.0053, time: 61.753684]
2026-05-30 12:25:49.164: epoch 20:	0.03005899  	0.06721278  	0.05514054  
2026-05-30 12:25:49.164: Find a better model.
2026-05-30 12:26:53.474: [iter 21 : loss : 1.2079 = 0.0506 + 1.1516 + 0.0057, time: 64.270373]
2026-05-30 12:26:56.980: epoch 21:	0.03005900  	0.06709113  	0.05511450  
2026-05-30 12:27:59.451: [iter 22 : loss : 1.2020 = 0.0464 + 1.1496 + 0.0060, time: 62.403351]
2026-05-30 12:28:03.185: epoch 22:	0.03004478  	0.06690290  	0.05498138  
2026-05-30 12:29:05.908: [iter 23 : loss : 1.1972 = 0.0431 + 1.1479 + 0.0063, time: 62.665318]
2026-05-30 12:29:09.329: epoch 23:	0.03000216  	0.06673676  	0.05487665  
2026-05-30 12:30:12.285: [iter 24 : loss : 1.1932 = 0.0403 + 1.1463 + 0.0066, time: 62.879605]
2026-05-30 12:30:15.884: epoch 24:	0.02996899  	0.06663362  	0.05484962  
2026-05-30 12:31:18.237: [iter 25 : loss : 1.1893 = 0.0375 + 1.1450 + 0.0068, time: 62.270808]
2026-05-30 12:31:21.781: epoch 25:	0.02987429  	0.06634296  	0.05455454  
2026-05-30 12:32:24.174: [iter 26 : loss : 1.1864 = 0.0355 + 1.1438 + 0.0071, time: 62.317102]
2026-05-30 12:32:27.447: epoch 26:	0.02979379  	0.06607091  	0.05436004  
2026-05-30 12:33:29.783: [iter 27 : loss : 1.1835 = 0.0334 + 1.1428 + 0.0073, time: 62.296880]
2026-05-30 12:33:32.998: epoch 27:	0.02969748  	0.06566847  	0.05421183  
2026-05-30 12:34:35.967: [iter 28 : loss : 1.1813 = 0.0318 + 1.1419 + 0.0076, time: 62.878121]
2026-05-30 12:34:39.300: epoch 28:	0.02958697  	0.06535249  	0.05389867  
2026-05-30 12:35:43.279: [iter 29 : loss : 1.1788 = 0.0300 + 1.1411 + 0.0078, time: 63.884049]
2026-05-30 12:35:46.522: epoch 29:	0.02949068  	0.06510441  	0.05370292  
2026-05-30 12:36:53.030: [iter 30 : loss : 1.1770 = 0.0287 + 1.1404 + 0.0080, time: 66.446321]
2026-05-30 12:36:56.318: epoch 30:	0.02934700  	0.06481536  	0.05341479  
2026-05-30 12:36:56.318: Early stopping is trigger at epoch: 30
2026-05-30 12:36:56.318: best_result@epoch 20:

2026-05-30 12:36:56.318: 		0.0301      	0.0672      	0.0551      
