2026-05-29 00:15:29.865: my pid: 395165
2026-05-29 00:15:29.865: model: model.general_recommender.SGL
2026-05-29 00:15:29.865: Dataset statistics:
Name: yelp2018
The number of users: 31668
The number of items: 38048
The number of ratings: 1561406
Average actions of users: 49.31
Average actions of items: 41.04
The sparsity of the dataset: 99.870412%

The number of training: 1237259
The number of validation: 0
The number of testing: 324147
2026-05-29 00:15:29.865: NeuRec:[NeuRec]:
recommender=SGL
dataset=yelp2018
file_column=UI
sep=','
gpu_id=0
metric=["Precision", "Recall", "NDCG"]
top_k=[20]
test_thread=8
test_batch_size=128
seed=42
start_testing_epoch=0

SGL:[hyperparameters]:
aug_type=ED
reg=1e-4
embed_size=64
n_layers=3
ssl_reg=0.1
ssl_ratio=0.1
ssl_temp=0.2
ssl_mode=both_side
lr=0.001
learner=adam
adj_type=pre
epochs=1000
batch_size=2048
num_negatives=1
param_init=xavier_uniform
stddev=0.01
verbose=1
stop_cnt=10
pretrain_flag=0
save_flag=0

Command line:
recommender=SGL
dataset=yelp2018
2026-05-29 00:15:36.400: metrics:	Precision@20	Recall@20   	NDCG@20     
2026-05-29 00:18:06.833: [iter 1 : loss : 1.8214 = 0.6931 + 1.1283 + 0.0000, time: 150.430959]
2026-05-29 00:18:12.479: epoch 1:	0.00180780  	0.00351833  	0.00291656  
2026-05-29 00:18:12.479: Find a better model.
2026-05-29 00:20:42.225: [iter 2 : loss : 1.8193 = 0.6930 + 1.1263 + 0.0000, time: 149.716566]
2026-05-29 00:20:45.114: epoch 2:	0.00271253  	0.00540723  	0.00449810  
2026-05-29 00:20:45.114: Find a better model.
2026-05-29 00:23:15.373: [iter 3 : loss : 1.8191 = 0.6929 + 1.1262 + 0.0000, time: 150.204819]
2026-05-29 00:23:18.212: epoch 3:	0.00350358  	0.00702155  	0.00599503  
2026-05-29 00:23:18.212: Find a better model.
2026-05-29 00:25:48.340: [iter 4 : loss : 1.8188 = 0.6927 + 1.1261 + 0.0000, time: 150.087730]
2026-05-29 00:25:51.319: epoch 4:	0.00452516  	0.00931511  	0.00768388  
2026-05-29 00:25:51.320: Find a better model.
2026-05-29 00:28:22.090: [iter 5 : loss : 1.8186 = 0.6925 + 1.1261 + 0.0000, time: 150.725420]
2026-05-29 00:28:25.004: epoch 5:	0.00517569  	0.01113700  	0.00887556  
2026-05-29 00:28:25.004: Find a better model.
2026-05-29 00:30:55.374: [iter 6 : loss : 1.8180 = 0.6919 + 1.1262 + 0.0000, time: 150.329431]
2026-05-29 00:30:58.159: epoch 6:	0.00365041  	0.00803241  	0.00634971  
2026-05-29 00:33:28.686: [iter 7 : loss : 1.8156 = 0.6890 + 1.1266 + 0.0000, time: 150.487524]
2026-05-29 00:33:31.428: epoch 7:	0.00436882  	0.00978545  	0.00768709  
2026-05-29 00:36:01.258: [iter 8 : loss : 1.8077 = 0.6790 + 1.1286 + 0.0000, time: 149.790210]
2026-05-29 00:36:04.136: epoch 8:	0.00784249  	0.01779375  	0.01451410  
2026-05-29 00:36:04.136: Find a better model.
2026-05-29 00:38:34.596: [iter 9 : loss : 1.7694 = 0.6317 + 1.1376 + 0.0002, time: 150.413802]
2026-05-29 00:38:39.360: epoch 9:	0.01284386  	0.02901876  	0.02377771  
2026-05-29 00:38:39.360: Find a better model.
2026-05-29 00:41:09.450: [iter 10 : loss : 1.6883 = 0.5359 + 1.1520 + 0.0004, time: 150.046345]
2026-05-29 00:41:12.245: epoch 10:	0.02333388  	0.05075449  	0.04198199  
2026-05-29 00:41:12.245: Find a better model.
2026-05-29 00:43:42.536: [iter 11 : loss : 1.5752 = 0.4032 + 1.1711 + 0.0009, time: 150.243829]
2026-05-29 00:43:45.368: epoch 11:	0.02694733  	0.05934144  	0.04874065  
2026-05-29 00:43:45.368: Find a better model.
2026-05-29 00:46:15.739: [iter 12 : loss : 1.4491 = 0.2572 + 1.1903 + 0.0016, time: 150.327044]
2026-05-29 00:46:19.316: epoch 12:	0.02792291  	0.06165414  	0.05061406  
2026-05-29 00:46:19.317: Find a better model.
2026-05-29 00:48:49.693: [iter 13 : loss : 1.3669 = 0.1738 + 1.1908 + 0.0022, time: 150.328121]
2026-05-29 00:48:52.495: epoch 13:	0.02865862  	0.06339189  	0.05222294  
2026-05-29 00:48:52.495: Find a better model.
2026-05-29 00:51:22.480: [iter 14 : loss : 1.3185 = 0.1323 + 1.1834 + 0.0028, time: 149.946678]
2026-05-29 00:51:25.435: epoch 14:	0.02917016  	0.06469356  	0.05322351  
2026-05-29 00:51:25.435: Find a better model.
2026-05-29 00:53:55.968: [iter 15 : loss : 1.2866 = 0.1075 + 1.1759 + 0.0033, time: 150.489746]
2026-05-29 00:54:01.109: epoch 15:	0.02949065  	0.06567070  	0.05391270  
2026-05-29 00:54:01.110: Find a better model.
2026-05-29 00:56:30.584: [iter 16 : loss : 1.2641 = 0.0907 + 1.1696 + 0.0037, time: 149.433693]
2026-05-29 00:56:33.252: epoch 16:	0.02960114  	0.06603876  	0.05429833  
2026-05-29 00:56:33.252: Find a better model.
2026-05-29 00:59:03.457: [iter 17 : loss : 1.2475 = 0.0788 + 1.1645 + 0.0042, time: 150.165986]
2026-05-29 00:59:06.532: epoch 17:	0.02979690  	0.06643850  	0.05456804  
2026-05-29 00:59:06.532: Find a better model.
2026-05-29 01:01:37.232: [iter 18 : loss : 1.2341 = 0.0692 + 1.1603 + 0.0046, time: 150.666783]
2026-05-29 01:01:39.968: epoch 18:	0.02982531  	0.06654575  	0.05479756  
2026-05-29 01:01:39.969: Find a better model.
2026-05-29 01:04:10.080: [iter 19 : loss : 1.2238 = 0.0620 + 1.1569 + 0.0050, time: 150.073131]
2026-05-29 01:04:13.575: epoch 19:	0.02986634  	0.06680057  	0.05492761  
2026-05-29 01:04:13.576: Find a better model.
2026-05-29 01:06:43.933: [iter 20 : loss : 1.2152 = 0.0558 + 1.1541 + 0.0053, time: 150.318477]
2026-05-29 01:06:46.703: epoch 20:	0.02985843  	0.06679893  	0.05499449  
2026-05-29 01:09:16.719: [iter 21 : loss : 1.2079 = 0.0507 + 1.1516 + 0.0056, time: 149.983124]
2026-05-29 01:09:19.605: epoch 21:	0.02995002  	0.06683985  	0.05503526  
2026-05-29 01:09:19.605: Find a better model.
2026-05-29 01:11:49.944: [iter 22 : loss : 1.2019 = 0.0463 + 1.1496 + 0.0060, time: 150.292480]
2026-05-29 01:11:52.748: epoch 22:	0.02995633  	0.06695893  	0.05500876  
2026-05-29 01:11:52.748: Find a better model.
2026-05-29 01:14:22.739: [iter 23 : loss : 1.1971 = 0.0430 + 1.1478 + 0.0063, time: 149.955155]
2026-05-29 01:14:25.519: epoch 23:	0.02995319  	0.06685609  	0.05489206  
2026-05-29 01:16:56.103: [iter 24 : loss : 1.1930 = 0.0402 + 1.1463 + 0.0066, time: 150.534935]
2026-05-29 01:17:01.416: epoch 24:	0.02989003  	0.06654768  	0.05467386  
