2026-05-30 08:14:10.691: my pid: 1444
2026-05-30 08:14:10.691: model: model.general_recommender.SGL
2026-05-30 08:14:10.691: Dataset statistics:
Name: yelp2018
The number of users: 31668
The number of items: 38048
The number of ratings: 1561406
Average actions of users: 49.31
Average actions of items: 41.04
The sparsity of the dataset: 99.870412%

The number of training: 1237259
The number of validation: 0
The number of testing: 324147
2026-05-30 08:14:10.691: NeuRec:[NeuRec]:
recommender=SGL
dataset=yelp2018
file_column=UI
sep=','
gpu_id=0
metric=["Precision", "Recall", "NDCG"]
top_k=[20]
test_thread=8
test_batch_size=128
seed=42
start_testing_epoch=0

SGL:[hyperparameters]:
aug_type=ED
reg=1e-4
embed_size=64
n_layers=3
ssl_reg=0.1
ssl_ratio=0.1
ssl_temp=0.2
ssl_mode=both_side
lr=0.001
learner=adam
adj_type=pre
epochs=1000
batch_size=2048
num_negatives=1
param_init=xavier_uniform
stddev=0.01
verbose=1
stop_cnt=10
pretrain_flag=0
save_flag=0
hard_alpha=0

Command line:
recommender=SGL
dataset=yelp2018
2026-05-30 08:14:18.440: metrics:	Precision@20	Recall@20   	NDCG@20     
2026-05-30 08:15:25.566: [iter 1 : loss : 1.8212 = 0.6931 + 1.1281 + 0.0000, time: 67.122891]
2026-05-30 08:15:30.667: epoch 1:	0.00186306  	0.00372000  	0.00302944  
2026-05-30 08:15:30.667: Find a better model.
2026-05-30 08:16:33.156: [iter 2 : loss : 1.8193 = 0.6930 + 1.1263 + 0.0000, time: 62.397200]
2026-05-30 08:16:36.976: epoch 2:	0.00275674  	0.00566063  	0.00468929  
2026-05-30 08:16:36.977: Find a better model.
2026-05-30 08:17:42.644: [iter 3 : loss : 1.8191 = 0.6929 + 1.1262 + 0.0000, time: 65.603722]
2026-05-30 08:17:46.287: epoch 3:	0.00349095  	0.00718853  	0.00604040  
2026-05-30 08:17:46.287: Find a better model.
2026-05-30 08:18:52.624: [iter 4 : loss : 1.8188 = 0.6927 + 1.1261 + 0.0000, time: 66.272024]
2026-05-30 08:18:56.131: epoch 4:	0.00444464  	0.00935088  	0.00772859  
2026-05-30 08:18:56.132: Find a better model.
2026-05-30 08:20:03.556: [iter 5 : loss : 1.8186 = 0.6925 + 1.1261 + 0.0000, time: 67.294160]
2026-05-30 08:20:07.272: epoch 5:	0.00498937  	0.01085276  	0.00885268  
2026-05-30 08:20:07.272: Find a better model.
2026-05-30 08:21:11.343: [iter 6 : loss : 1.8180 = 0.6918 + 1.1262 + 0.0000, time: 63.961250]
2026-05-30 08:21:18.390: epoch 6:	0.00355094  	0.00812302  	0.00611760  
2026-05-30 08:22:24.812: [iter 7 : loss : 1.8155 = 0.6888 + 1.1266 + 0.0000, time: 66.340646]
2026-05-30 08:22:28.507: epoch 7:	0.00424882  	0.00980630  	0.00772022  
2026-05-30 08:23:35.126: [iter 8 : loss : 1.8071 = 0.6783 + 1.1288 + 0.0000, time: 66.323871]
2026-05-30 08:23:39.078: epoch 8:	0.00814721  	0.01846542  	0.01502030  
2026-05-30 08:23:39.078: Find a better model.
2026-05-30 08:24:44.326: [iter 9 : loss : 1.7665 = 0.6281 + 1.1383 + 0.0002, time: 65.191361]
2026-05-30 08:24:47.880: epoch 9:	0.01326065  	0.02980692  	0.02462091  
2026-05-30 08:24:47.880: Find a better model.
2026-05-30 08:25:51.110: [iter 10 : loss : 1.6837 = 0.5303 + 1.1529 + 0.0004, time: 63.164864]
2026-05-30 08:25:55.562: epoch 10:	0.02385013  	0.05188478  	0.04294272  
2026-05-30 08:25:55.562: Find a better model.
2026-05-30 08:26:59.437: [iter 11 : loss : 1.5677 = 0.3938 + 1.1730 + 0.0009, time: 63.824400]
2026-05-30 08:27:03.009: epoch 11:	0.02690472  	0.05920594  	0.04864666  
2026-05-30 08:27:03.009: Find a better model.
2026-05-30 08:28:09.007: [iter 12 : loss : 1.4427 = 0.2496 + 1.1915 + 0.0016, time: 65.917660]
2026-05-30 08:28:12.485: epoch 12:	0.02790560  	0.06153867  	0.05057878  
2026-05-30 08:28:12.486: Find a better model.
2026-05-30 08:29:18.501: [iter 13 : loss : 1.3632 = 0.1702 + 1.1908 + 0.0022, time: 65.948390]
2026-05-30 08:29:22.321: epoch 13:	0.02867761  	0.06352659  	0.05208511  
2026-05-30 08:29:22.322: Find a better model.
2026-05-30 08:30:27.865: [iter 14 : loss : 1.3165 = 0.1306 + 1.1831 + 0.0028, time: 65.449700]
2026-05-30 08:30:32.863: epoch 14:	0.02911331  	0.06494987  	0.05322500  
2026-05-30 08:30:32.864: Find a better model.
2026-05-30 08:31:37.922: [iter 15 : loss : 1.2854 = 0.1066 + 1.1755 + 0.0033, time: 64.988481]
2026-05-30 08:31:41.882: epoch 15:	0.02949851  	0.06584211  	0.05389619  
2026-05-30 08:31:41.883: Find a better model.
2026-05-30 08:32:47.610: [iter 16 : loss : 1.2633 = 0.0902 + 1.1694 + 0.0038, time: 65.615530]
2026-05-30 08:32:51.450: epoch 16:	0.02968008  	0.06632739  	0.05432162  
2026-05-30 08:32:51.450: Find a better model.
2026-05-30 08:33:55.492: [iter 17 : loss : 1.2469 = 0.0784 + 1.1643 + 0.0042, time: 63.966827]
2026-05-30 08:33:59.144: epoch 17:	0.02992796  	0.06688251  	0.05472957  
2026-05-30 08:33:59.144: Find a better model.
2026-05-30 08:35:06.118: [iter 18 : loss : 1.2338 = 0.0690 + 1.1602 + 0.0046, time: 66.914160]
2026-05-30 08:35:09.868: epoch 18:	0.02998953  	0.06713258  	0.05490399  
2026-05-30 08:35:09.868: Find a better model.
2026-05-30 08:36:14.836: [iter 19 : loss : 1.2236 = 0.0618 + 1.1568 + 0.0050, time: 64.904722]
2026-05-30 08:36:18.639: epoch 19:	0.03002110  	0.06713268  	0.05507393  
2026-05-30 08:36:18.640: Find a better model.
2026-05-30 08:37:24.482: [iter 20 : loss : 1.2151 = 0.0557 + 1.1540 + 0.0053, time: 65.763656]
2026-05-30 08:37:28.375: epoch 20:	0.03005583  	0.06720585  	0.05513682  
2026-05-30 08:37:28.376: Find a better model.
2026-05-30 08:38:32.241: [iter 21 : loss : 1.2079 = 0.0506 + 1.1516 + 0.0057, time: 63.762804]
2026-05-30 08:38:36.268: epoch 21:	0.03005742  	0.06708762  	0.05511309  
2026-05-30 08:39:41.461: [iter 22 : loss : 1.2020 = 0.0464 + 1.1496 + 0.0060, time: 65.130551]
2026-05-30 08:39:45.107: epoch 22:	0.03004478  	0.06690290  	0.05498154  
2026-05-30 08:40:49.285: [iter 23 : loss : 1.1972 = 0.0431 + 1.1479 + 0.0063, time: 64.112837]
2026-05-30 08:40:55.673: epoch 23:	0.03000216  	0.06673676  	0.05487334  
2026-05-30 08:42:01.743: [iter 24 : loss : 1.1932 = 0.0403 + 1.1463 + 0.0066, time: 65.976830]
2026-05-30 08:42:05.389: epoch 24:	0.02996741  	0.06663151  	0.05484832  
2026-05-30 08:43:11.178: [iter 25 : loss : 1.1893 = 0.0375 + 1.1450 + 0.0068, time: 65.748424]
2026-05-30 08:43:14.688: epoch 25:	0.02987429  	0.06634296  	0.05455447  
2026-05-30 08:44:20.155: [iter 26 : loss : 1.1864 = 0.0355 + 1.1438 + 0.0071, time: 65.411579]
2026-05-30 08:44:23.935: epoch 26:	0.02979379  	0.06607091  	0.05435971  
2026-05-30 08:45:29.679: [iter 27 : loss : 1.1835 = 0.0334 + 1.1428 + 0.0073, time: 65.676864]
2026-05-30 08:45:33.780: epoch 27:	0.02969906  	0.06567134  	0.05421332  
2026-05-30 08:46:39.142: [iter 28 : loss : 1.1813 = 0.0318 + 1.1419 + 0.0076, time: 65.275141]
2026-05-30 08:46:42.945: epoch 28:	0.02958697  	0.06535249  	0.05389879  
2026-05-30 08:47:48.778: [iter 29 : loss : 1.1788 = 0.0300 + 1.1411 + 0.0078, time: 65.741084]
2026-05-30 08:47:52.391: epoch 29:	0.02949068  	0.06510441  	0.05370296  
2026-05-30 08:48:58.793: [iter 30 : loss : 1.1770 = 0.0287 + 1.1404 + 0.0080, time: 66.273034]
2026-05-30 08:49:03.004: epoch 30:	0.02934542  	0.06480747  	0.05341442  
2026-05-30 08:49:03.004: Early stopping is trigger at epoch: 30
2026-05-30 08:49:03.004: best_result@epoch 20:

2026-05-30 08:49:03.004: 		0.0301      	0.0672      	0.0551      
