2026-05-30 10:40:08.850: my pid: 124413
2026-05-30 10:40:08.851: model: model.general_recommender.SGL
2026-05-30 10:40:08.851: Dataset statistics:
Name: yelp2018
The number of users: 31668
The number of items: 38048
The number of ratings: 1561406
Average actions of users: 49.31
Average actions of items: 41.04
The sparsity of the dataset: 99.870412%

The number of training: 1237259
The number of validation: 0
The number of testing: 324147
2026-05-30 10:40:08.851: NeuRec:[NeuRec]:
recommender=SGL
dataset=yelp2018
file_column=UI
sep=','
gpu_id=0
metric=["Precision", "Recall", "NDCG"]
top_k=[20]
test_thread=8
test_batch_size=128
seed=42
start_testing_epoch=0

SGL:[hyperparameters]:
aug_type=ED
reg=1e-4
embed_size=64
n_layers=3
ssl_reg=0.1
ssl_ratio=0.1
ssl_temp=0.2
ssl_mode=both_side
lr=0.001
learner=adam
adj_type=pre
epochs=1000
batch_size=2048
num_negatives=1
param_init=xavier_uniform
stddev=0.01
verbose=1
stop_cnt=10
pretrain_flag=0
save_flag=0
hard_alpha=0
mask_ratio=0.1

Command line:
recommender=SGL
dataset=yelp2018
2026-05-30 10:40:14.102: metrics:	Precision@20	Recall@20   	NDCG@20     
2026-05-30 10:41:44.597: [iter 1 : loss : 3.0012 = 0.6930 + 2.3082 + 0.0000, time: 90.492824]
2026-05-30 10:41:51.970: epoch 1:	0.00161360  	0.00346742  	0.00293321  
2026-05-30 10:41:51.970: Find a better model.
2026-05-30 10:43:20.509: [iter 2 : loss : 2.9991 = 0.6928 + 2.3062 + 0.0000, time: 88.479088]
2026-05-30 10:43:23.832: epoch 2:	0.00193885  	0.00405977  	0.00338422  
2026-05-30 10:43:23.832: Find a better model.
2026-05-30 10:44:54.239: [iter 3 : loss : 2.9968 = 0.6926 + 2.3042 + 0.0000, time: 90.230104]
2026-05-30 10:44:57.670: epoch 3:	0.00266043  	0.00573135  	0.00483115  
2026-05-30 10:44:57.670: Find a better model.
2026-05-30 10:46:26.478: [iter 4 : loss : 2.9995 = 0.6923 + 2.3072 + 0.0000, time: 88.735933]
2026-05-30 10:46:30.019: epoch 4:	0.00337411  	0.00724964  	0.00621000  
2026-05-30 10:46:30.019: Find a better model.
2026-05-30 10:47:58.769: [iter 5 : loss : 2.9981 = 0.6919 + 2.3062 + 0.0000, time: 88.680554]
2026-05-30 10:48:01.983: epoch 5:	0.00463569  	0.00987014  	0.00831330  
2026-05-30 10:48:01.984: Find a better model.
2026-05-30 10:49:30.707: [iter 6 : loss : 2.9965 = 0.6914 + 2.3051 + 0.0000, time: 88.675822]
2026-05-30 10:49:33.824: epoch 6:	0.00559885  	0.01185117  	0.01000944  
2026-05-30 10:49:33.824: Find a better model.
2026-05-30 10:51:03.336: [iter 7 : loss : 2.9947 = 0.6908 + 2.3039 + 0.0000, time: 89.454772]
2026-05-30 10:51:06.593: epoch 7:	0.00689517  	0.01492715  	0.01257773  
2026-05-30 10:51:06.593: Find a better model.
2026-05-30 10:52:36.973: [iter 8 : loss : 2.9937 = 0.6898 + 2.3038 + 0.0000, time: 90.303326]
2026-05-30 10:52:40.517: epoch 8:	0.00773359  	0.01696801  	0.01401919  
2026-05-30 10:52:40.517: Find a better model.
2026-05-30 10:54:10.446: [iter 9 : loss : 2.9927 = 0.6884 + 2.3043 + 0.0000, time: 89.860379]
2026-05-30 10:54:13.505: epoch 9:	0.00759622  	0.01706273  	0.01368873  
2026-05-30 10:54:13.505: Find a better model.
2026-05-30 10:55:43.944: [iter 10 : loss : 2.9914 = 0.6856 + 2.3057 + 0.0001, time: 90.381859]
2026-05-30 10:55:47.141: epoch 10:	0.00746200  	0.01694014  	0.01357685  
2026-05-30 10:57:16.062: [iter 11 : loss : 2.9864 = 0.6817 + 2.3047 + 0.0001, time: 88.847478]
2026-05-30 10:57:19.571: epoch 11:	0.00856559  	0.01937133  	0.01548257  
2026-05-30 10:57:19.571: Find a better model.
2026-05-30 10:58:48.052: [iter 12 : loss : 2.9792 = 0.6757 + 2.3034 + 0.0001, time: 88.424971]
2026-05-30 10:58:51.360: epoch 12:	0.00959174  	0.02192285  	0.01751534  
2026-05-30 10:58:51.360: Find a better model.
2026-05-30 11:00:22.030: [iter 13 : loss : 2.9701 = 0.6621 + 2.3079 + 0.0001, time: 90.562684]
2026-05-30 11:00:25.186: epoch 13:	0.01096995  	0.02521414  	0.02041809  
2026-05-30 11:00:25.186: Find a better model.
2026-05-30 11:01:55.825: [iter 14 : loss : 2.9468 = 0.6352 + 2.3114 + 0.0002, time: 90.550130]
2026-05-30 11:01:59.138: epoch 14:	0.01310123  	0.02983285  	0.02418229  
2026-05-30 11:01:59.139: Find a better model.
2026-05-30 11:03:29.339: [iter 15 : loss : 2.9107 = 0.5910 + 2.3193 + 0.0003, time: 90.114649]
2026-05-30 11:03:32.696: epoch 15:	0.01577082  	0.03547210  	0.02877670  
2026-05-30 11:03:32.696: Find a better model.
2026-05-30 11:05:02.450: [iter 16 : loss : 2.8605 = 0.5330 + 2.3269 + 0.0006, time: 89.703009]
2026-05-30 11:05:05.619: epoch 16:	0.02076555  	0.04565448  	0.03775589  
2026-05-30 11:05:05.619: Find a better model.
2026-05-30 11:06:34.641: [iter 17 : loss : 2.7995 = 0.4659 + 2.3327 + 0.0009, time: 88.945535]
2026-05-30 11:06:37.894: epoch 17:	0.02587713  	0.05649426  	0.04673888  
2026-05-30 11:06:37.895: Find a better model.
2026-05-30 11:08:07.606: [iter 18 : loss : 2.7288 = 0.3837 + 2.3439 + 0.0013, time: 89.534961]
2026-05-30 11:08:10.960: epoch 18:	0.02833508  	0.06218165  	0.05125293  
2026-05-30 11:08:10.960: Find a better model.
2026-05-30 11:09:40.700: [iter 19 : loss : 2.6507 = 0.2962 + 2.3527 + 0.0018, time: 89.649938]
2026-05-30 11:09:44.181: epoch 19:	0.02910861  	0.06416689  	0.05285516  
2026-05-30 11:09:44.182: Find a better model.
2026-05-30 11:11:13.521: [iter 20 : loss : 2.5833 = 0.2248 + 2.3562 + 0.0023, time: 89.207889]
2026-05-30 11:11:16.792: epoch 20:	0.02958380  	0.06534220  	0.05382273  
2026-05-30 11:11:16.792: Find a better model.
2026-05-30 11:12:45.933: [iter 21 : loss : 2.5314 = 0.1749 + 2.3536 + 0.0029, time: 89.050850]
2026-05-30 11:12:49.268: epoch 21:	0.02983640  	0.06598970  	0.05433113  
2026-05-30 11:12:49.268: Find a better model.
2026-05-30 11:14:18.998: [iter 22 : loss : 2.4936 = 0.1411 + 2.3491 + 0.0034, time: 89.601155]
2026-05-30 11:14:22.559: epoch 22:	0.03007796  	0.06660973  	0.05481816  
2026-05-30 11:14:22.559: Find a better model.
2026-05-30 11:15:50.565: [iter 23 : loss : 2.4659 = 0.1175 + 2.3446 + 0.0039, time: 87.917716]
2026-05-30 11:15:53.951: epoch 23:	0.03011112  	0.06668120  	0.05494440  
2026-05-30 11:15:53.951: Find a better model.
2026-05-30 11:17:21.490: [iter 24 : loss : 2.4449 = 0.0999 + 2.3407 + 0.0044, time: 87.404218]
2026-05-30 11:17:24.845: epoch 24:	0.03012374  	0.06666807  	0.05499806  
2026-05-30 11:18:55.584: [iter 25 : loss : 2.4279 = 0.0864 + 2.3366 + 0.0048, time: 90.627357]
2026-05-30 11:18:58.704: epoch 25:	0.03013796  	0.06661449  	0.05499136  
2026-05-30 11:20:27.617: [iter 26 : loss : 2.4139 = 0.0763 + 2.3324 + 0.0052, time: 88.787196]
2026-05-30 11:20:30.989: epoch 26:	0.03014584  	0.06658222  	0.05489993  
2026-05-30 11:22:01.727: [iter 27 : loss : 2.4053 = 0.0678 + 2.3318 + 0.0056, time: 90.680536]
2026-05-30 11:22:05.302: epoch 27:	0.03013793  	0.06657547  	0.05488124  
2026-05-30 11:23:33.303: [iter 28 : loss : 2.3947 = 0.0611 + 2.3276 + 0.0060, time: 87.951065]
2026-05-30 11:23:36.892: epoch 28:	0.02997219  	0.06631774  	0.05462241  
2026-05-30 11:25:04.201: [iter 29 : loss : 2.3865 = 0.0554 + 2.3247 + 0.0064, time: 87.240525]
2026-05-30 11:25:07.713: epoch 29:	0.02986958  	0.06600793  	0.05442270  
2026-05-30 11:26:36.009: [iter 30 : loss : 2.3825 = 0.0508 + 2.3250 + 0.0067, time: 88.191162]
2026-05-30 11:26:39.467: epoch 30:	0.02974800  	0.06572188  	0.05419504  
2026-05-30 11:28:07.822: [iter 31 : loss : 2.3771 = 0.0469 + 2.3232 + 0.0070, time: 88.237224]
2026-05-30 11:28:10.904: epoch 31:	0.02962488  	0.06532389  	0.05385853  
2026-05-30 11:29:40.604: [iter 32 : loss : 2.3725 = 0.0432 + 2.3220 + 0.0073, time: 89.642676]
2026-05-30 11:29:44.179: epoch 32:	0.02946540  	0.06498640  	0.05366504  
2026-05-30 11:31:13.457: [iter 33 : loss : 2.3682 = 0.0405 + 2.3200 + 0.0076, time: 89.157346]
2026-05-30 11:31:16.708: epoch 33:	0.02927122  	0.06446658  	0.05334890  
2026-05-30 11:31:16.708: Early stopping is trigger at epoch: 33
2026-05-30 11:31:16.709: best_result@epoch 23:

2026-05-30 11:31:16.709: 		0.0301      	0.0667      	0.0549      
