2026-05-28 11:09:34.715: my pid: 4725
2026-05-28 11:09:34.715: model: model.general_recommender.SGL
2026-05-28 11:09:34.715: Dataset statistics:
Name: yelp2020
The number of users: 287116
The number of items: 150346
The number of ratings: 3513735
Average actions of users: 12.24
Average actions of items: 23.37
The sparsity of the dataset: 99.991860%

The number of training: 2714456
The number of validation: 0
The number of testing: 799279
2026-05-28 11:09:34.715: NeuRec:[NeuRec]:
recommender=SGL
dataset=yelp2020
file_column=UI
sep=','
gpu_id=0
metric=["Precision", "Recall", "NDCG"]
top_k=[20]
test_thread=8
test_batch_size=128
seed=42
start_testing_epoch=0

SGL:[hyperparameters]:
aug_type=ED
reg=1e-4
embed_size=64
n_layers=3
ssl_reg=0.1
ssl_ratio=0.1
ssl_temp=0.2
ssl_mode=both_side
lr=0.001
learner=adam
adj_type=pre
epochs=1000
batch_size=2048
num_negatives=1
param_init=xavier_uniform
stddev=0.01
verbose=1
stop_cnt=10
pretrain_flag=0
save_flag=0

Command line:
recommender=SGL
dataset=yelp2020
2026-05-28 11:10:11.985: metrics:	Precision@20	Recall@20   	NDCG@20     
2026-05-28 11:35:30.782: [iter 1 : loss : 2.0324 = 0.6503 + 1.3820 + 0.0000, time: 1518.794814]
2026-05-28 11:39:23.960: epoch 1:	0.00038524  	0.00212649  	0.00095142  
2026-05-28 11:39:23.961: Find a better model.
2026-05-28 12:04:42.537: [iter 2 : loss : 2.0264 = 0.6494 + 1.3770 + 0.0000, time: 1518.502110]
2026-05-28 12:08:35.683: epoch 2:	0.00035004  	0.00231892  	0.00090203  
2026-05-28 12:08:35.683: Find a better model.
2026-05-28 12:33:56.562: [iter 3 : loss : 2.0224 = 0.6457 + 1.3767 + 0.0000, time: 1520.778384]
2026-05-28 12:36:48.987: epoch 3:	0.00234909  	0.01779980  	0.00880701  
2026-05-28 12:36:48.987: Find a better model.
2026-05-28 13:02:09.760: [iter 4 : loss : 1.9752 = 0.5909 + 1.3842 + 0.0001, time: 1520.695940]
2026-05-28 13:05:05.537: epoch 4:	0.00866680  	0.06590282  	0.03584443  
2026-05-28 13:05:05.537: Find a better model.
2026-05-28 13:30:26.178: [iter 5 : loss : 1.7586 = 0.3467 + 1.4113 + 0.0005, time: 1520.539619]
2026-05-28 13:33:24.254: epoch 5:	0.01112843  	0.08355664  	0.04519494  
2026-05-28 13:33:24.254: Find a better model.
2026-05-28 13:58:44.520: [iter 6 : loss : 1.5792 = 0.1579 + 1.4201 + 0.0012, time: 1520.165030]
2026-05-28 14:01:44.076: epoch 6:	0.01193466  	0.08849800  	0.04795896  
2026-05-28 14:01:44.076: Find a better model.
2026-05-28 14:27:03.576: [iter 7 : loss : 1.5033 = 0.0886 + 1.4129 + 0.0018, time: 1519.428820]
2026-05-28 14:31:00.657: epoch 7:	0.01260151  	0.09228779  	0.05019244  
2026-05-28 14:31:00.658: Find a better model.
2026-05-28 14:56:20.525: [iter 8 : loss : 1.4646 = 0.0576 + 1.4047 + 0.0023, time: 1519.775198]
2026-05-28 15:00:15.669: epoch 8:	0.01307420  	0.09448555  	0.05158568  
2026-05-28 15:00:15.670: Find a better model.
2026-05-28 15:25:34.863: [iter 9 : loss : 1.4422 = 0.0404 + 1.3991 + 0.0027, time: 1519.115599]
2026-05-28 15:29:34.946: epoch 9:	0.01333960  	0.09529275  	0.05225791  
2026-05-28 15:29:34.947: Find a better model.
2026-05-28 15:54:56.202: [iter 10 : loss : 1.4277 = 0.0299 + 1.3946 + 0.0031, time: 1521.157027]
2026-05-28 15:58:54.621: epoch 10:	0.01346600  	0.09539744  	0.05247109  
2026-05-28 15:58:54.621: Find a better model.
2026-05-28 16:24:13.954: [iter 11 : loss : 1.4176 = 0.0231 + 1.3910 + 0.0034, time: 1519.259838]
2026-05-28 16:28:12.858: epoch 11:	0.01349024  	0.09477743  	0.05230353  
2026-05-28 16:53:32.569: [iter 12 : loss : 1.4111 = 0.0185 + 1.3888 + 0.0037, time: 1519.620801]
2026-05-28 16:57:29.239: epoch 12:	0.01345941  	0.09378880  	0.05193709  
2026-05-28 17:22:48.187: [iter 13 : loss : 1.4069 = 0.0154 + 1.3876 + 0.0040, time: 1518.875253]
2026-05-28 17:26:46.157: epoch 13:	0.01342090  	0.09271053  	0.05145442  
2026-05-28 17:52:05.532: [iter 14 : loss : 1.4032 = 0.0131 + 1.3859 + 0.0042, time: 1519.277553]
2026-05-28 17:55:04.714: epoch 14:	0.01332811  	0.09122596  	0.05077852  
2026-05-28 18:20:24.735: [iter 15 : loss : 1.4012 = 0.0114 + 1.3854 + 0.0044, time: 1519.919464]
2026-05-28 18:24:23.841: epoch 15:	0.01322917  	0.08999439  	0.05017694  
2026-05-28 18:49:44.632: [iter 16 : loss : 1.3989 = 0.0102 + 1.3841 + 0.0046, time: 1520.684551]
2026-05-28 18:53:43.680: epoch 16:	0.01311711  	0.08850902  	0.04942773  
2026-05-28 19:19:03.230: [iter 17 : loss : 1.3971 = 0.0091 + 1.3833 + 0.0047, time: 1519.448807]
2026-05-28 19:23:02.623: epoch 17:	0.01301778  	0.08717906  	0.04882742  
2026-05-28 19:48:22.807: [iter 18 : loss : 1.3959 = 0.0084 + 1.3826 + 0.0048, time: 1520.093565]
2026-05-28 19:52:19.957: epoch 18:	0.01288955  	0.08577273  	0.04811934  
2026-05-28 20:17:40.361: [iter 19 : loss : 1.3950 = 0.0078 + 1.3823 + 0.0050, time: 1520.312032]
2026-05-28 20:20:41.077: epoch 19:	0.01277253  	0.08445407  	0.04737518  
2026-05-28 20:46:00.699: [iter 20 : loss : 1.3941 = 0.0073 + 1.3818 + 0.0051, time: 1519.527766]
2026-05-28 20:49:02.614: epoch 20:	0.01270648  	0.08351960  	0.04684274  
2026-05-28 20:49:02.614: Early stopping is trigger at epoch: 20
2026-05-28 20:49:02.614: best_result@epoch 10:

2026-05-28 20:49:02.614: 		0.0135      	0.0954      	0.0525      
