2026-06-06 16:47:55.736: ============================================================
2026-06-06 16:47:55.736:                     SGL Training Log
2026-06-06 16:47:55.736: ============================================================
2026-06-06 16:47:55.736: PID:              887349
2026-06-06 16:47:55.736: Model:            model.general_recommender.SGL
2026-06-06 16:47:55.736: Model Class:      SGL
2026-06-06 16:47:55.736: Log Time:         2026-06-06 16:47:55
2026-06-06 16:47:55.736: ────────────────────────────────────────────────────────────
2026-06-06 16:47:55.736: [Dataset]
2026-06-06 16:47:55.736:   Name:            yelp_full
2026-06-06 16:47:55.736:   Users:           287,116
2026-06-06 16:47:55.736:   Items:           150,346
2026-06-06 16:47:55.736:   Ratings (total): 3,513,735
2026-06-06 16:47:55.736:   Train:           2,714,456
2026-06-06 16:47:55.736:   Test:            799,279
2026-06-06 16:47:55.736:   Sparsity:        99.9919%
2026-06-06 16:47:55.736: ────────────────────────────────────────────────────────────
2026-06-06 16:47:55.736: [Model Architecture]
2026-06-06 16:47:55.736:   Base Model:       LightGCN (SGL)
2026-06-06 16:47:55.736:   Embedding Size:   32
2026-06-06 16:47:55.736:   GCN Layers:       3
2026-06-06 16:47:55.736:   Augmentation:     ED
2026-06-06 16:47:55.736:   Adjacency Type:   pre
2026-06-06 16:47:55.736:   Parameter Init:   xavier_uniform
2026-06-06 16:47:55.736:   Total Params:     13,998,784
2026-06-06 16:47:55.736: ────────────────────────────────────────────────────────────
2026-06-06 16:47:55.736: [Hyperparameters]
2026-06-06 16:47:55.737:   Batch Size:       1024
2026-06-06 16:47:55.737:   Learning Rate:    0.001
2026-06-06 16:47:55.737:   Optimizer:        adam
2026-06-06 16:47:55.737:   Reg (L2):         0.0001
2026-06-06 16:47:55.737:   SSL Reg:          0.1
2026-06-06 16:47:55.737:   SSL Ratio:        0.1
2026-06-06 16:47:55.737:   SSL Temp:         0.2
2026-06-06 16:47:55.737:   SSL Mode:         both_side
2026-06-06 16:47:55.737:   Max Epochs:       1000
2026-06-06 16:47:55.737:   Negative Samples: 1
2026-06-06 16:47:55.737:   Stop Patience:    10
2026-06-06 16:47:55.737: ────────────────────────────────────────────────────────────
2026-06-06 16:47:55.737: [Hardware]
2026-06-06 16:47:55.737:   GPU ID:           3
2026-06-06 16:47:56.255:   CUDA Available:   True
2026-06-06 16:47:56.416:   GPU Name:         NVIDIA GeForce RTX 4090
2026-06-06 16:47:56.416:   GPU Memory:       23.5 GB
2026-06-06 16:47:56.417:   Test Threads:     8
2026-06-06 16:47:56.417:   Test Batch Size:  128
2026-06-06 16:47:56.417: ============================================================
2026-06-06 16:47:56.417: Training started at 2026-06-06 16:47:56
2026-06-06 16:47:56.417: ============================================================
2026-06-06 16:48:18.182: metrics:	Precision@20	Recall@20   	NDCG@20     
2026-06-06 17:03:43.819: [iter 1 : loss : 3.5009 = 0.6503 + 2.8506 + 0.0000, time: 925.630877]
2026-06-06 17:06:02.673: epoch 1:	0.00026484  	0.00165003  	0.00080679  
2026-06-06 17:06:02.673: Find a better model.
2026-06-06 17:21:27.031: [iter 2 : loss : 3.4922 = 0.6490 + 2.8431 + 0.0000, time: 923.987128]
2026-06-06 17:23:51.187: epoch 2:	0.00029927  	0.00203751  	0.00089047  
2026-06-06 17:23:51.187: Find a better model.
2026-06-06 17:39:14.848: [iter 3 : loss : 3.4870 = 0.6450 + 2.8420 + 0.0000, time: 923.272055]
2026-06-06 17:41:06.493: epoch 3:	0.00055277  	0.00397214  	0.00175272  
2026-06-06 17:41:06.493: Find a better model.
2026-06-06 17:56:30.562: [iter 4 : loss : 3.4702 = 0.6258 + 2.8444 + 0.0001, time: 923.681041]
2026-06-06 17:58:23.551: epoch 4:	0.00269617  	0.01971690  	0.01041769  
2026-06-06 17:58:23.551: Find a better model.
2026-06-06 18:13:48.222: [iter 5 : loss : 3.3797 = 0.5215 + 2.8580 + 0.0002, time: 924.258418]
2026-06-06 18:14:51.756: epoch 5:	0.00812508  	0.06021586  	0.03262155  
2026-06-06 18:14:51.756: Find a better model.
2026-06-06 18:30:15.632: [iter 6 : loss : 3.1820 = 0.2986 + 2.8828 + 0.0006, time: 923.503911]
2026-06-06 18:31:23.233: epoch 6:	0.01203491  	0.08608373  	0.04689099  
2026-06-06 18:31:23.237: Find a better model.
2026-06-06 18:46:49.205: [iter 7 : loss : 3.0438 = 0.1508 + 2.8918 + 0.0012, time: 925.552289]
2026-06-06 18:47:52.493: epoch 7:	0.01295357  	0.09223465  	0.05037376  
2026-06-06 18:47:52.493: Find a better model.
2026-06-06 19:03:17.019: [iter 8 : loss : 2.9780 = 0.0902 + 2.8861 + 0.0017, time: 924.160134]
2026-06-06 19:05:08.178: epoch 8:	0.01329553  	0.09378897  	0.05153602  
2026-06-06 19:05:08.178: Find a better model.
2026-06-06 19:20:33.143: [iter 9 : loss : 2.9439 = 0.0617 + 2.8800 + 0.0022, time: 924.592009]
2026-06-06 19:22:24.691: epoch 9:	0.01334264  	0.09319361  	0.05146270  
2026-06-06 19:37:53.379: [iter 10 : loss : 2.9234 = 0.0464 + 2.8744 + 0.0026, time: 928.194733]
2026-06-06 19:39:45.896: epoch 10:	0.01327081  	0.09155083  	0.05084351  
2026-06-06 19:55:11.696: [iter 11 : loss : 2.9096 = 0.0371 + 2.8695 + 0.0029, time: 925.341952]
2026-06-06 19:57:07.388: epoch 11:	0.01314320  	0.08977395  	0.04998177  
2026-06-06 20:12:34.293: [iter 12 : loss : 2.9011 = 0.0310 + 2.8669 + 0.0032, time: 926.487191]
2026-06-06 20:14:26.240: epoch 12:	0.01295609  	0.08757257  	0.04897320  
2026-06-06 20:29:52.138: [iter 13 : loss : 2.8964 = 0.0269 + 2.8660 + 0.0035, time: 925.517086]
2026-06-06 20:31:44.293: epoch 13:	0.01276186  	0.08553126  	0.04799658  
2026-06-06 20:47:09.962: [iter 14 : loss : 2.8911 = 0.0238 + 2.8636 + 0.0037, time: 925.249697]
2026-06-06 20:49:02.200: epoch 14:	0.01258032  	0.08371257  	0.04701892  
2026-06-06 21:04:27.933: [iter 15 : loss : 2.8890 = 0.0215 + 2.8636 + 0.0039, time: 925.360514]
2026-06-06 21:06:20.939: epoch 15:	0.01236032  	0.08141580  	0.04598327  
2026-06-06 21:21:51.561: [iter 16 : loss : 2.8858 = 0.0199 + 2.8619 + 0.0041, time: 930.257387]
2026-06-06 21:23:45.621: epoch 16:	0.01220634  	0.07967643  	0.04515078  
2026-06-06 21:39:12.360: [iter 17 : loss : 2.8834 = 0.0185 + 2.8607 + 0.0042, time: 926.362433]
2026-06-06 21:41:06.568: epoch 17:	0.01201174  	0.07788701  	0.04426631  
2026-06-06 21:56:32.943: [iter 18 : loss : 2.8818 = 0.0173 + 2.8600 + 0.0044, time: 925.998199]
2026-06-06 21:58:27.102: epoch 18:	0.01184253  	0.07620900  	0.04341392  
2026-06-06 21:58:27.102: Early stopping is trigger at epoch: 18
2026-06-06 21:58:27.102: best_result@epoch 8:

2026-06-06 21:58:27.102: 		0.0133      	0.0938      	0.0515      
