2026-06-06 16:46:29.760: ============================================================
2026-06-06 16:46:29.760:                     SGL Training Log
2026-06-06 16:46:29.760: ============================================================
2026-06-06 16:46:29.760: PID:              878849
2026-06-06 16:46:29.760: Model:            model.general_recommender.SGL
2026-06-06 16:46:29.760: Model Class:      SGL
2026-06-06 16:46:29.760: Log Time:         2026-06-06 16:46:29
2026-06-06 16:46:29.760: ────────────────────────────────────────────────────────────
2026-06-06 16:46:29.760: [Dataset]
2026-06-06 16:46:29.760:   Name:            yelp2018
2026-06-06 16:46:29.760:   Users:           31,668
2026-06-06 16:46:29.760:   Items:           38,048
2026-06-06 16:46:29.760:   Ratings (total): 1,561,406
2026-06-06 16:46:29.760:   Train:           1,237,259
2026-06-06 16:46:29.760:   Test:            324,147
2026-06-06 16:46:29.760:   Sparsity:        99.8704%
2026-06-06 16:46:29.760: ────────────────────────────────────────────────────────────
2026-06-06 16:46:29.760: [Model Architecture]
2026-06-06 16:46:29.761:   Base Model:       LightGCN (SGL)
2026-06-06 16:46:29.761:   Embedding Size:   64
2026-06-06 16:46:29.761:   GCN Layers:       3
2026-06-06 16:46:29.761:   Augmentation:     ED
2026-06-06 16:46:29.761:   Adjacency Type:   pre
2026-06-06 16:46:29.761:   Parameter Init:   xavier_uniform
2026-06-06 16:46:29.761:   Total Params:     4,461,824
2026-06-06 16:46:29.761: ────────────────────────────────────────────────────────────
2026-06-06 16:46:29.761: [Hyperparameters]
2026-06-06 16:46:29.761:   Batch Size:       8192
2026-06-06 16:46:29.761:   Learning Rate:    0.001
2026-06-06 16:46:29.761:   Optimizer:        adam
2026-06-06 16:46:29.761:   Reg (L2):         0.0001
2026-06-06 16:46:29.761:   SSL Reg:          0.1
2026-06-06 16:46:29.761:   SSL Ratio:        0.1
2026-06-06 16:46:29.761:   SSL Temp:         0.2
2026-06-06 16:46:29.761:   SSL Mode:         both_side
2026-06-06 16:46:29.761:   Max Epochs:       1000
2026-06-06 16:46:29.761:   Negative Samples: 1
2026-06-06 16:46:29.761:   Stop Patience:    10
2026-06-06 16:46:29.761: ────────────────────────────────────────────────────────────
2026-06-06 16:46:29.761: [Hardware]
2026-06-06 16:46:29.761:   GPU ID:           0
2026-06-06 16:46:29.963:   CUDA Available:   True
2026-06-06 16:46:30.067:   GPU Name:         NVIDIA GeForce RTX 4090
2026-06-06 16:46:30.067:   GPU Memory:       23.5 GB
2026-06-06 16:46:30.067:   Test Threads:     8
2026-06-06 16:46:30.067:   Test Batch Size:  128
2026-06-06 16:46:30.067: ============================================================
2026-06-06 16:46:30.068: Training started at 2026-06-06 16:46:30
2026-06-06 16:46:30.068: ============================================================
2026-06-06 16:46:33.772: metrics:	Precision@20	Recall@20   	NDCG@20     
2026-06-06 16:47:41.047: [iter 1 : loss : 3.0283 = 0.6931 + 2.3352 + 0.0000, time: 67.270139]
2026-06-06 16:47:44.213: epoch 1:	0.00223253  	0.00486893  	0.00393774  
2026-06-06 16:47:44.213: Find a better model.
2026-06-06 16:48:47.304: [iter 2 : loss : 2.9712 = 0.6931 + 2.2781 + 0.0000, time: 63.072965]
2026-06-06 16:48:49.592: epoch 2:	0.00266516  	0.00583758  	0.00475464  
2026-06-06 16:48:49.592: Find a better model.
2026-06-06 16:49:50.560: [iter 3 : loss : 2.9688 = 0.6931 + 2.2758 + 0.0000, time: 60.944376]
2026-06-06 16:49:52.245: epoch 3:	0.00326042  	0.00711129  	0.00587962  
2026-06-06 16:49:52.246: Find a better model.
2026-06-06 16:50:56.663: [iter 4 : loss : 2.9678 = 0.6930 + 2.2747 + 0.0000, time: 64.395075]
2026-06-06 16:50:58.258: epoch 4:	0.00357305  	0.00781587  	0.00653807  
2026-06-06 16:50:58.258: Find a better model.
2026-06-06 16:51:59.264: [iter 5 : loss : 2.9671 = 0.6930 + 2.2741 + 0.0000, time: 60.963198]
2026-06-06 16:52:00.934: epoch 5:	0.00389042  	0.00853218  	0.00707437  
2026-06-06 16:52:00.935: Find a better model.
2026-06-06 16:53:02.959: [iter 6 : loss : 2.9665 = 0.6930 + 2.2735 + 0.0000, time: 62.008078]
2026-06-06 16:53:04.701: epoch 6:	0.00410832  	0.00893968  	0.00745658  
2026-06-06 16:53:04.701: Find a better model.
2026-06-06 16:54:07.831: [iter 7 : loss : 2.9662 = 0.6930 + 2.2732 + 0.0000, time: 63.111247]
2026-06-06 16:54:10.226: epoch 7:	0.00445569  	0.00961505  	0.00807895  
2026-06-06 16:54:10.226: Find a better model.
2026-06-06 16:55:11.827: [iter 8 : loss : 2.9660 = 0.6929 + 2.2730 + 0.0000, time: 61.587357]
2026-06-06 16:55:13.773: epoch 8:	0.00450306  	0.00977429  	0.00813021  
2026-06-06 16:55:13.774: Find a better model.
2026-06-06 16:56:17.659: [iter 9 : loss : 2.9658 = 0.6929 + 2.2729 + 0.0000, time: 63.867906]
2026-06-06 16:56:19.280: epoch 9:	0.00459780  	0.00998023  	0.00841045  
2026-06-06 16:56:19.281: Find a better model.
2026-06-06 16:58:03.956: [iter 10 : loss : 2.9655 = 0.6929 + 2.2726 + 0.0000, time: 104.662401]
2026-06-06 16:58:05.678: epoch 10:	0.00463885  	0.01007413  	0.00852173  
2026-06-06 16:58:05.678: Find a better model.
2026-06-06 16:59:07.375: [iter 11 : loss : 2.9655 = 0.6929 + 2.2726 + 0.0000, time: 61.674173]
2026-06-06 16:59:08.996: epoch 11:	0.00494201  	0.01066614  	0.00907947  
2026-06-06 16:59:08.996: Find a better model.
2026-06-06 17:00:09.595: [iter 12 : loss : 2.9653 = 0.6929 + 2.2725 + 0.0000, time: 60.581360]
2026-06-06 17:00:11.196: epoch 12:	0.00496412  	0.01063376  	0.00909570  
2026-06-06 17:01:35.232: [iter 13 : loss : 2.9652 = 0.6928 + 2.2724 + 0.0000, time: 84.019993]
2026-06-06 17:01:36.812: epoch 13:	0.00505412  	0.01103404  	0.00927920  
2026-06-06 17:01:36.812: Find a better model.
2026-06-06 17:03:18.264: [iter 14 : loss : 2.9651 = 0.6928 + 2.2723 + 0.0000, time: 101.429690]
2026-06-06 17:03:21.074: epoch 14:	0.00516148  	0.01125838  	0.00950516  
2026-06-06 17:03:21.074: Find a better model.
2026-06-06 17:04:53.807: [iter 15 : loss : 2.9649 = 0.6928 + 2.2722 + 0.0000, time: 92.714843]
2026-06-06 17:04:55.776: epoch 15:	0.00525148  	0.01138921  	0.00974009  
2026-06-06 17:04:55.777: Find a better model.
2026-06-06 17:06:13.110: [iter 16 : loss : 2.9649 = 0.6927 + 2.2722 + 0.0000, time: 77.288027]
2026-06-06 17:06:14.752: epoch 16:	0.00539990  	0.01183815  	0.00997144  
2026-06-06 17:06:14.753: Find a better model.
2026-06-06 17:07:40.533: [iter 17 : loss : 2.9649 = 0.6927 + 2.2722 + 0.0000, time: 85.694334]
2026-06-06 17:07:42.137: epoch 17:	0.00550570  	0.01195094  	0.01022339  
2026-06-06 17:07:42.137: Find a better model.
2026-06-06 17:08:50.038: [iter 18 : loss : 2.9648 = 0.6926 + 2.2721 + 0.0000, time: 67.883254]
2026-06-06 17:08:52.573: epoch 18:	0.00565412  	0.01234069  	0.01046135  
2026-06-06 17:08:52.573: Find a better model.
2026-06-06 17:09:52.918: [iter 19 : loss : 2.9647 = 0.6926 + 2.2721 + 0.0000, time: 60.322828]
2026-06-06 17:09:54.911: epoch 19:	0.00576464  	0.01256369  	0.01059589  
2026-06-06 17:09:54.911: Find a better model.
2026-06-06 17:10:55.509: [iter 20 : loss : 2.9646 = 0.6926 + 2.2721 + 0.0000, time: 60.583940]
2026-06-06 17:10:57.114: epoch 20:	0.00579623  	0.01285180  	0.01076166  
2026-06-06 17:10:57.114: Find a better model.
2026-06-06 17:11:57.583: [iter 21 : loss : 2.9646 = 0.6925 + 2.2721 + 0.0000, time: 60.450535]
2026-06-06 17:11:59.146: epoch 21:	0.00586412  	0.01273642  	0.01069104  
2026-06-06 17:12:59.582: [iter 22 : loss : 2.9646 = 0.6925 + 2.2721 + 0.0000, time: 60.417855]
2026-06-06 17:13:01.104: epoch 22:	0.00600939  	0.01305435  	0.01101785  
2026-06-06 17:13:01.104: Find a better model.
2026-06-06 17:14:26.923: [iter 23 : loss : 2.9646 = 0.6924 + 2.2722 + 0.0000, time: 85.797049]
2026-06-06 17:14:28.543: epoch 23:	0.00612781  	0.01330606  	0.01118297  
2026-06-06 17:14:28.543: Find a better model.
2026-06-06 17:15:38.506: [iter 24 : loss : 2.9645 = 0.6923 + 2.2722 + 0.0000, time: 69.940248]
2026-06-06 17:15:40.057: epoch 24:	0.00626991  	0.01378816  	0.01136688  
2026-06-06 17:15:40.057: Find a better model.
2026-06-06 17:16:40.686: [iter 25 : loss : 2.9643 = 0.6923 + 2.2720 + 0.0000, time: 60.611184]
2026-06-06 17:16:42.259: epoch 25:	0.00620991  	0.01356343  	0.01146520  
2026-06-06 17:17:49.353: [iter 26 : loss : 2.9642 = 0.6922 + 2.2720 + 0.0000, time: 67.072432]
2026-06-06 17:17:51.264: epoch 26:	0.00649886  	0.01419660  	0.01198936  
2026-06-06 17:17:51.264: Find a better model.
2026-06-06 17:19:12.656: [iter 27 : loss : 2.9642 = 0.6921 + 2.2721 + 0.0000, time: 81.370229]
2026-06-06 17:19:15.005: epoch 27:	0.00671360  	0.01477996  	0.01234771  
2026-06-06 17:19:15.006: Find a better model.
2026-06-06 17:20:28.762: [iter 28 : loss : 2.9642 = 0.6920 + 2.2722 + 0.0000, time: 73.735544]
2026-06-06 17:20:30.306: epoch 28:	0.00691412  	0.01515196  	0.01266709  
2026-06-06 17:20:30.306: Find a better model.
2026-06-06 17:21:50.797: [iter 29 : loss : 2.9640 = 0.6919 + 2.2721 + 0.0000, time: 80.410068]
2026-06-06 17:21:52.444: epoch 29:	0.00710990  	0.01547962  	0.01301125  
2026-06-06 17:21:52.445: Find a better model.
2026-06-06 17:23:04.516: [iter 30 : loss : 2.9640 = 0.6917 + 2.2722 + 0.0000, time: 72.052598]
2026-06-06 17:23:06.588: epoch 30:	0.00721885  	0.01583898  	0.01329606  
2026-06-06 17:23:06.588: Find a better model.
2026-06-06 17:24:46.476: [iter 31 : loss : 2.9639 = 0.6916 + 2.2723 + 0.0000, time: 99.864091]
2026-06-06 17:24:48.486: epoch 31:	0.00739253  	0.01622487  	0.01355107  
2026-06-06 17:24:48.486: Find a better model.
2026-06-06 17:25:56.890: [iter 32 : loss : 2.9637 = 0.6914 + 2.2722 + 0.0000, time: 68.381068]
2026-06-06 17:25:58.454: epoch 32:	0.00756148  	0.01668602  	0.01398104  
2026-06-06 17:25:58.454: Find a better model.
2026-06-06 17:27:34.125: [iter 33 : loss : 2.9635 = 0.6913 + 2.2723 + 0.0000, time: 95.652000]
2026-06-06 17:27:36.389: epoch 33:	0.00768937  	0.01698710  	0.01429029  
2026-06-06 17:27:36.389: Find a better model.
2026-06-06 17:28:53.258: [iter 34 : loss : 2.9635 = 0.6910 + 2.2724 + 0.0000, time: 76.846320]
2026-06-06 17:28:55.230: epoch 34:	0.00801621  	0.01785717  	0.01478650  
2026-06-06 17:28:55.230: Find a better model.
2026-06-06 17:30:21.284: [iter 35 : loss : 2.9633 = 0.6908 + 2.2725 + 0.0000, time: 86.028224]
2026-06-06 17:30:23.677: epoch 35:	0.00796095  	0.01759806  	0.01470877  
2026-06-06 17:31:34.053: [iter 36 : loss : 2.9630 = 0.6905 + 2.2725 + 0.0000, time: 70.357235]
2026-06-06 17:31:35.701: epoch 36:	0.00801147  	0.01790575  	0.01495574  
2026-06-06 17:31:35.702: Find a better model.
2026-06-06 17:32:37.404: [iter 37 : loss : 2.9627 = 0.6901 + 2.2726 + 0.0000, time: 61.532696]
2026-06-06 17:32:38.949: epoch 37:	0.00802727  	0.01792122  	0.01485562  
2026-06-06 17:32:38.950: Find a better model.
2026-06-06 17:33:40.184: [iter 38 : loss : 2.9624 = 0.6897 + 2.2727 + 0.0000, time: 61.217305]
2026-06-06 17:33:41.813: epoch 38:	0.00804937  	0.01804663  	0.01489335  
2026-06-06 17:33:41.813: Find a better model.
2026-06-06 17:34:42.469: [iter 39 : loss : 2.9618 = 0.6892 + 2.2726 + 0.0000, time: 60.633005]
2026-06-06 17:34:43.992: epoch 39:	0.00798619  	0.01783332  	0.01478084  
2026-06-06 17:35:44.752: [iter 40 : loss : 2.9614 = 0.6885 + 2.2729 + 0.0000, time: 60.731921]
2026-06-06 17:35:46.560: epoch 40:	0.00766251  	0.01740196  	0.01428573  
2026-06-06 17:36:47.642: [iter 41 : loss : 2.9606 = 0.6874 + 2.2731 + 0.0000, time: 60.915458]
2026-06-06 17:36:49.223: epoch 41:	0.00695988  	0.01574804  	0.01287033  
2026-06-06 17:37:50.254: [iter 42 : loss : 2.9592 = 0.6859 + 2.2733 + 0.0000, time: 60.958760]
2026-06-06 17:37:51.853: epoch 42:	0.00617988  	0.01406399  	0.01139945  
2026-06-06 17:39:09.195: [iter 43 : loss : 2.9575 = 0.6837 + 2.2737 + 0.0000, time: 77.319721]
2026-06-06 17:39:11.687: epoch 43:	0.00587356  	0.01337641  	0.01086898  
2026-06-06 17:40:27.998: [iter 44 : loss : 2.9556 = 0.6815 + 2.2740 + 0.0001, time: 76.288615]
2026-06-06 17:40:29.765: epoch 44:	0.00596355  	0.01361705  	0.01104769  
2026-06-06 17:41:31.285: [iter 45 : loss : 2.9533 = 0.6788 + 2.2744 + 0.0001, time: 61.502863]
2026-06-06 17:41:33.319: epoch 45:	0.00620355  	0.01420585  	0.01153699  
2026-06-06 17:42:34.661: [iter 46 : loss : 2.9500 = 0.6753 + 2.2746 + 0.0001, time: 61.319736]
2026-06-06 17:42:36.306: epoch 46:	0.00664408  	0.01528372  	0.01229223  
2026-06-06 17:43:37.337: [iter 47 : loss : 2.9456 = 0.6704 + 2.2751 + 0.0001, time: 61.010172]
2026-06-06 17:43:38.919: epoch 47:	0.00713039  	0.01635700  	0.01313022  
2026-06-06 17:44:40.287: [iter 48 : loss : 2.9394 = 0.6634 + 2.2759 + 0.0001, time: 61.347049]
2026-06-06 17:44:41.859: epoch 48:	0.00766249  	0.01752451  	0.01405256  
2026-06-06 17:44:41.860: Early stopping is trigger at epoch: 48
2026-06-06 17:44:41.860: best_result@epoch 38:

2026-06-06 17:44:41.860: 		0.0080      	0.0180      	0.0149      
