2026-06-06 16:47:17.019: ============================================================
2026-06-06 16:47:17.019:                     SGL Training Log
2026-06-06 16:47:17.019: ============================================================
2026-06-06 16:47:17.019: PID:              882404
2026-06-06 16:47:17.019: Model:            model.general_recommender.SGL
2026-06-06 16:47:17.019: Model Class:      SGL
2026-06-06 16:47:17.020: Log Time:         2026-06-06 16:47:17
2026-06-06 16:47:17.020: ────────────────────────────────────────────────────────────
2026-06-06 16:47:17.020: [Dataset]
2026-06-06 16:47:17.020:   Name:            yelp_full
2026-06-06 16:47:17.020:   Users:           287,116
2026-06-06 16:47:17.020:   Items:           150,346
2026-06-06 16:47:17.020:   Ratings (total): 3,513,735
2026-06-06 16:47:17.020:   Train:           2,714,456
2026-06-06 16:47:17.020:   Test:            799,279
2026-06-06 16:47:17.020:   Sparsity:        99.9919%
2026-06-06 16:47:17.020: ────────────────────────────────────────────────────────────
2026-06-06 16:47:17.020: [Model Architecture]
2026-06-06 16:47:17.020:   Base Model:       LightGCN (SGL)
2026-06-06 16:47:17.020:   Embedding Size:   64
2026-06-06 16:47:17.020:   GCN Layers:       3
2026-06-06 16:47:17.020:   Augmentation:     ED
2026-06-06 16:47:17.020:   Adjacency Type:   pre
2026-06-06 16:47:17.020:   Parameter Init:   xavier_uniform
2026-06-06 16:47:17.020:   Total Params:     27,997,568
2026-06-06 16:47:17.020: ────────────────────────────────────────────────────────────
2026-06-06 16:47:17.020: [Hyperparameters]
2026-06-06 16:47:17.020:   Batch Size:       1024
2026-06-06 16:47:17.020:   Learning Rate:    0.001
2026-06-06 16:47:17.020:   Optimizer:        adam
2026-06-06 16:47:17.020:   Reg (L2):         0.0001
2026-06-06 16:47:17.020:   SSL Reg:          0.1
2026-06-06 16:47:17.020:   SSL Ratio:        0.1
2026-06-06 16:47:17.020:   SSL Temp:         0.2
2026-06-06 16:47:17.020:   SSL Mode:         both_side
2026-06-06 16:47:17.020:   Max Epochs:       1000
2026-06-06 16:47:17.020:   Negative Samples: 1
2026-06-06 16:47:17.020:   Stop Patience:    10
2026-06-06 16:47:17.020: ────────────────────────────────────────────────────────────
2026-06-06 16:47:17.021: [Hardware]
2026-06-06 16:47:17.021:   GPU ID:           1
2026-06-06 16:47:18.184:   CUDA Available:   True
2026-06-06 16:47:18.290:   GPU Name:         NVIDIA GeForce RTX 4090
2026-06-06 16:47:18.290:   GPU Memory:       23.5 GB
2026-06-06 16:47:18.290:   Test Threads:     8
2026-06-06 16:47:18.290:   Test Batch Size:  128
2026-06-06 16:47:18.290: ============================================================
2026-06-06 16:47:18.290: Training started at 2026-06-06 16:47:18
2026-06-06 16:47:18.290: ============================================================
2026-06-06 16:47:39.077: metrics:	Precision@20	Recall@20   	NDCG@20     
2026-06-06 17:06:12.969: [iter 1 : loss : 3.4392 = 0.6498 + 2.7894 + 0.0000, time: 1113.734451]
2026-06-06 17:08:31.006: epoch 1:	0.00039832  	0.00250527  	0.00118932  
2026-06-06 17:08:31.006: Find a better model.
2026-06-06 17:26:59.309: [iter 2 : loss : 3.4296 = 0.6461 + 2.7835 + 0.0000, time: 1107.931881]
2026-06-06 17:29:21.259: epoch 2:	0.00056623  	0.00386539  	0.00174082  
2026-06-06 17:29:21.259: Find a better model.
2026-06-06 17:47:54.074: [iter 3 : loss : 3.4036 = 0.6166 + 2.7869 + 0.0001, time: 1112.403365]
2026-06-06 17:50:16.644: epoch 3:	0.00430866  	0.03161506  	0.01676727  
2026-06-06 17:50:16.644: Find a better model.
2026-06-06 18:09:09.044: [iter 4 : loss : 3.2323 = 0.4223 + 2.8096 + 0.0004, time: 1131.959206]
2026-06-06 18:11:32.083: epoch 4:	0.01169985  	0.08492855  	0.04598276  
2026-06-06 18:11:32.083: Find a better model.
2026-06-06 18:31:01.993: [iter 5 : loss : 3.0067 = 0.1770 + 2.8286 + 0.0011, time: 1169.475754]
2026-06-06 18:33:27.317: epoch 5:	0.01356062  	0.09713721  	0.05302544  
2026-06-06 18:33:27.318: Find a better model.
2026-06-06 18:52:35.168: [iter 6 : loss : 2.9087 = 0.0832 + 2.8237 + 0.0019, time: 1147.433462]
2026-06-06 18:54:59.566: epoch 6:	0.01403540  	0.09954438  	0.05458877  
2026-06-06 18:54:59.566: Find a better model.
2026-06-06 19:14:23.556: [iter 7 : loss : 2.8675 = 0.0491 + 2.8159 + 0.0025, time: 1163.605068]
2026-06-06 19:16:46.350: epoch 7:	0.01410850  	0.09882296  	0.05463910  
2026-06-06 19:35:48.062: [iter 8 : loss : 2.8460 = 0.0333 + 2.8096 + 0.0031, time: 1141.350075]
2026-06-06 19:38:17.879: epoch 8:	0.01404765  	0.09735329  	0.05401402  
2026-06-06 19:57:06.455: [iter 9 : loss : 2.8345 = 0.0247 + 2.8063 + 0.0035, time: 1128.157916]
2026-06-06 19:59:33.757: epoch 9:	0.01391365  	0.09555659  	0.05318867  
2026-06-06 20:18:13.843: [iter 10 : loss : 2.8269 = 0.0197 + 2.8033 + 0.0039, time: 1119.717097]
2026-06-06 20:19:22.046: epoch 10:	0.01374731  	0.09349750  	0.05217356  
2026-06-06 20:38:00.560: [iter 11 : loss : 2.8210 = 0.0164 + 2.8004 + 0.0042, time: 1118.144059]
2026-06-06 20:39:55.310: epoch 11:	0.01354384  	0.09119857  	0.05113518  
2026-06-06 20:58:39.939: [iter 12 : loss : 2.8180 = 0.0143 + 2.7992 + 0.0045, time: 1124.121827]
2026-06-06 21:01:06.916: epoch 12:	0.01333287  	0.08899054  	0.05002493  
2026-06-06 21:19:49.639: [iter 13 : loss : 2.8167 = 0.0126 + 2.7994 + 0.0047, time: 1122.428512]
2026-06-06 21:22:17.036: epoch 13:	0.01313441  	0.08681329  	0.04902736  
2026-06-06 21:40:55.158: [iter 14 : loss : 2.8140 = 0.0114 + 2.7977 + 0.0049, time: 1117.671438]
2026-06-06 21:42:47.203: epoch 14:	0.01294269  	0.08497079  	0.04808137  
2026-06-06 22:01:29.215: [iter 15 : loss : 2.8140 = 0.0104 + 2.7984 + 0.0051, time: 1121.612956]
2026-06-06 22:03:54.167: epoch 15:	0.01274366  	0.08308021  	0.04714364  
2026-06-06 22:22:32.091: [iter 16 : loss : 2.8123 = 0.0098 + 2.7973 + 0.0053, time: 1117.487132]
2026-06-06 22:24:58.666: epoch 16:	0.01256581  	0.08125519  	0.04631815  
2026-06-06 22:24:58.666: Early stopping is trigger at epoch: 16
2026-06-06 22:24:58.666: best_result@epoch 6:

2026-06-06 22:24:58.666: 		0.0140      	0.0995      	0.0546      
