2026-06-06 16:47:37.387: ============================================================
2026-06-06 16:47:37.388:                     SGL Training Log
2026-06-06 16:47:37.388: ============================================================
2026-06-06 16:47:37.388: PID:              883927
2026-06-06 16:47:37.388: Model:            model.general_recommender.SGL
2026-06-06 16:47:37.388: Model Class:      SGL
2026-06-06 16:47:37.388: Log Time:         2026-06-06 16:47:37
2026-06-06 16:47:37.388: ────────────────────────────────────────────────────────────
2026-06-06 16:47:37.388: [Dataset]
2026-06-06 16:47:37.388:   Name:            yelp_full
2026-06-06 16:47:37.388:   Users:           287,116
2026-06-06 16:47:37.388:   Items:           150,346
2026-06-06 16:47:37.388:   Ratings (total): 3,513,735
2026-06-06 16:47:37.388:   Train:           2,714,456
2026-06-06 16:47:37.388:   Test:            799,279
2026-06-06 16:47:37.388:   Sparsity:        99.9919%
2026-06-06 16:47:37.388: ────────────────────────────────────────────────────────────
2026-06-06 16:47:37.388: [Model Architecture]
2026-06-06 16:47:37.388:   Base Model:       LightGCN (SGL)
2026-06-06 16:47:37.388:   Embedding Size:   64
2026-06-06 16:47:37.388:   GCN Layers:       3
2026-06-06 16:47:37.388:   Augmentation:     ED
2026-06-06 16:47:37.388:   Adjacency Type:   pre
2026-06-06 16:47:37.388:   Parameter Init:   xavier_uniform
2026-06-06 16:47:37.388:   Total Params:     27,997,568
2026-06-06 16:47:37.388: ────────────────────────────────────────────────────────────
2026-06-06 16:47:37.388: [Hyperparameters]
2026-06-06 16:47:37.388:   Batch Size:       1024
2026-06-06 16:47:37.389:   Learning Rate:    0.001
2026-06-06 16:47:37.389:   Optimizer:        adam
2026-06-06 16:47:37.389:   Reg (L2):         0.0001
2026-06-06 16:47:37.389:   SSL Reg:          0
2026-06-06 16:47:37.389:   SSL Ratio:        0.1
2026-06-06 16:47:37.389:   SSL Temp:         0.2
2026-06-06 16:47:37.389:   SSL Mode:         both_side
2026-06-06 16:47:37.389:   Max Epochs:       1000
2026-06-06 16:47:37.389:   Negative Samples: 1
2026-06-06 16:47:37.389:   Stop Patience:    10
2026-06-06 16:47:37.389: ────────────────────────────────────────────────────────────
2026-06-06 16:47:37.389: [Hardware]
2026-06-06 16:47:37.389:   GPU ID:           2
2026-06-06 16:47:37.505:   CUDA Available:   True
2026-06-06 16:47:37.595:   GPU Name:         NVIDIA GeForce RTX 4090
2026-06-06 16:47:37.595:   GPU Memory:       23.5 GB
2026-06-06 16:47:37.596:   Test Threads:     8
2026-06-06 16:47:37.596:   Test Batch Size:  128
2026-06-06 16:47:37.596: ============================================================
2026-06-06 16:47:37.596: Training started at 2026-06-06 16:47:37
2026-06-06 16:47:37.596: ============================================================
2026-06-06 16:47:59.445: metrics:	Precision@20	Recall@20   	NDCG@20     
2026-06-06 17:06:31.478: [iter 1 : loss : 0.1643 = 0.1638 + 0.0000 + 0.0005, time: 1112.032053]
2026-06-06 17:08:53.579: epoch 1:	0.00702291  	0.05144753  	0.02779516  
2026-06-06 17:08:53.579: Find a better model.
2026-06-06 17:27:20.888: [iter 2 : loss : 0.0800 = 0.0791 + 0.0000 + 0.0008, time: 1106.957896]
2026-06-06 17:29:44.507: epoch 2:	0.00706814  	0.05198866  	0.02795500  
2026-06-06 17:29:44.507: Find a better model.
2026-06-06 17:48:11.782: [iter 3 : loss : 0.0699 = 0.0689 + -0.0000 + 0.0009, time: 1106.855538]
2026-06-06 17:49:16.825: epoch 3:	0.00712571  	0.05257339  	0.02815775  
2026-06-06 17:49:16.825: Find a better model.
2026-06-06 18:08:05.375: [iter 4 : loss : 0.0635 = 0.0625 + -0.0000 + 0.0010, time: 1128.117813]
2026-06-06 18:10:29.890: epoch 4:	0.00722022  	0.05325744  	0.02843988  
2026-06-06 18:10:29.890: Find a better model.
2026-06-06 18:29:52.196: [iter 5 : loss : 0.0578 = 0.0568 + 0.0000 + 0.0010, time: 1161.930747]
2026-06-06 18:32:22.205: epoch 5:	0.00736647  	0.05428075  	0.02892135  
2026-06-06 18:32:22.206: Find a better model.
2026-06-06 18:51:23.618: [iter 6 : loss : 0.0533 = 0.0522 + -0.0000 + 0.0011, time: 1140.896915]
2026-06-06 18:53:47.500: epoch 6:	0.00752102  	0.05549724  	0.02949737  
2026-06-06 18:53:47.501: Find a better model.
2026-06-06 19:13:02.328: [iter 7 : loss : 0.0488 = 0.0476 + 0.0000 + 0.0012, time: 1154.454055]
2026-06-06 19:15:25.307: epoch 7:	0.00764766  	0.05646310  	0.03010392  
2026-06-06 19:15:25.307: Find a better model.
2026-06-06 19:34:18.067: [iter 8 : loss : 0.0455 = 0.0443 + 0.0000 + 0.0012, time: 1132.379673]
2026-06-06 19:36:44.240: epoch 8:	0.00778853  	0.05738230  	0.03057119  
2026-06-06 19:36:44.241: Find a better model.
2026-06-06 19:55:31.275: [iter 9 : loss : 0.0420 = 0.0407 + -0.0000 + 0.0013, time: 1126.652704]
2026-06-06 19:57:59.962: epoch 9:	0.00789688  	0.05828545  	0.03106394  
2026-06-06 19:57:59.963: Find a better model.
2026-06-06 20:16:34.652: [iter 10 : loss : 0.0395 = 0.0382 + -0.0000 + 0.0013, time: 1114.308560]
2026-06-06 20:19:00.332: epoch 10:	0.00801007  	0.05912948  	0.03149440  
2026-06-06 20:19:00.332: Find a better model.
2026-06-06 20:37:33.372: [iter 11 : loss : 0.0369 = 0.0355 + 0.0000 + 0.0014, time: 1112.601387]
2026-06-06 20:39:26.893: epoch 11:	0.00808785  	0.05966892  	0.03180182  
2026-06-06 20:39:26.896: Find a better model.
2026-06-06 20:58:00.141: [iter 12 : loss : 0.0350 = 0.0335 + -0.0000 + 0.0015, time: 1112.870328]
2026-06-06 20:59:51.406: epoch 12:	0.00817793  	0.06027640  	0.03212809  
2026-06-06 20:59:51.406: Find a better model.
2026-06-06 21:18:23.256: [iter 13 : loss : 0.0333 = 0.0318 + 0.0000 + 0.0015, time: 1111.479383]
2026-06-06 21:19:33.950: epoch 13:	0.00826533  	0.06105544  	0.03243348  
2026-06-06 21:19:33.950: Find a better model.
2026-06-06 21:38:06.767: [iter 14 : loss : 0.0317 = 0.0302 + 0.0000 + 0.0016, time: 1112.411920]
2026-06-06 21:39:17.614: epoch 14:	0.00833790  	0.06150998  	0.03273253  
2026-06-06 21:39:17.614: Find a better model.
2026-06-06 21:57:50.868: [iter 15 : loss : 0.0309 = 0.0293 + -0.0000 + 0.0016, time: 1112.849709]
2026-06-06 21:59:44.055: epoch 15:	0.00843029  	0.06221203  	0.03308305  
2026-06-06 21:59:44.056: Find a better model.
2026-06-06 22:18:15.129: [iter 16 : loss : 0.0293 = 0.0276 + 0.0000 + 0.0017, time: 1110.714770]
2026-06-06 22:20:06.998: epoch 16:	0.00851212  	0.06277284  	0.03339547  
2026-06-06 22:20:06.998: Find a better model.
2026-06-06 22:38:41.804: [iter 17 : loss : 0.0283 = 0.0265 + 0.0000 + 0.0017, time: 1114.443909]
2026-06-06 22:40:36.080: epoch 17:	0.00862336  	0.06363580  	0.03375674  
2026-06-06 22:40:36.080: Find a better model.
2026-06-06 22:59:09.940: [iter 18 : loss : 0.0273 = 0.0255 + 0.0000 + 0.0018, time: 1113.501892]
2026-06-06 23:00:22.418: epoch 18:	0.00871769  	0.06417364  	0.03410184  
2026-06-06 23:00:22.419: Find a better model.
2026-06-06 23:18:52.236: [iter 19 : loss : 0.0264 = 0.0245 + 0.0000 + 0.0018, time: 1109.431815]
2026-06-06 23:20:02.015: epoch 19:	0.00878564  	0.06464156  	0.03441291  
2026-06-06 23:20:02.016: Find a better model.
2026-06-06 23:38:32.558: [iter 20 : loss : 0.0253 = 0.0234 + 0.0000 + 0.0019, time: 1110.183072]
2026-06-06 23:40:26.741: epoch 20:	0.00889998  	0.06550761  	0.03485716  
2026-06-06 23:40:26.741: Find a better model.
2026-06-06 23:59:03.497: [iter 21 : loss : 0.0243 = 0.0224 + 0.0000 + 0.0019, time: 1116.379219]
2026-06-07 00:00:55.297: epoch 21:	0.00896504  	0.06600552  	0.03504294  
2026-06-07 00:00:55.298: Find a better model.
2026-06-07 00:19:23.877: [iter 22 : loss : 0.0237 = 0.0217 + -0.0000 + 0.0020, time: 1108.212955]
2026-06-07 00:21:18.358: epoch 22:	0.00905973  	0.06669615  	0.03542891  
2026-06-07 00:21:18.359: Find a better model.
2026-06-07 00:39:52.362: [iter 23 : loss : 0.0228 = 0.0208 + 0.0000 + 0.0020, time: 1113.625664]
2026-06-07 00:41:43.971: epoch 23:	0.00914288  	0.06727494  	0.03580297  
2026-06-07 00:41:43.971: Find a better model.
2026-06-07 01:00:18.971: [iter 24 : loss : 0.0224 = 0.0203 + -0.0000 + 0.0021, time: 1114.642696]
2026-06-07 01:02:12.626: epoch 24:	0.00925508  	0.06792035  	0.03611549  
2026-06-07 01:02:12.627: Find a better model.
2026-06-07 01:20:42.520: [iter 25 : loss : 0.0213 = 0.0192 + -0.0000 + 0.0021, time: 1109.502660]
2026-06-07 01:22:36.863: epoch 25:	0.00933246  	0.06845017  	0.03642768  
2026-06-07 01:22:36.863: Find a better model.
2026-06-07 01:41:10.760: [iter 26 : loss : 0.0210 = 0.0188 + -0.0000 + 0.0022, time: 1113.528598]
2026-06-07 01:43:03.929: epoch 26:	0.00944061  	0.06923051  	0.03682609  
2026-06-07 01:43:03.929: Find a better model.
2026-06-07 02:01:41.268: [iter 27 : loss : 0.0204 = 0.0182 + 0.0000 + 0.0022, time: 1116.975175]
2026-06-07 02:03:35.925: epoch 27:	0.00950839  	0.06964459  	0.03709958  
2026-06-07 02:03:35.926: Find a better model.
2026-06-07 02:22:10.279: [iter 28 : loss : 0.0197 = 0.0175 + -0.0000 + 0.0023, time: 1113.965067]
2026-06-07 02:24:05.198: epoch 28:	0.00960289  	0.07029041  	0.03747492  
2026-06-07 02:24:05.198: Find a better model.
2026-06-07 02:42:37.857: [iter 29 : loss : 0.0192 = 0.0169 + -0.0000 + 0.0023, time: 1112.299297]
2026-06-07 02:44:30.819: epoch 29:	0.00969450  	0.07093055  	0.03775502  
2026-06-07 02:44:30.819: Find a better model.
2026-06-07 03:03:01.179: [iter 30 : loss : 0.0185 = 0.0162 + -0.0000 + 0.0023, time: 1110.006680]
2026-06-07 03:05:26.716: epoch 30:	0.00975263  	0.07131931  	0.03800353  
2026-06-07 03:05:26.716: Find a better model.
2026-06-07 03:23:54.542: [iter 31 : loss : 0.0179 = 0.0156 + -0.0000 + 0.0024, time: 1107.452382]
2026-06-07 03:25:47.792: epoch 31:	0.00985156  	0.07205728  	0.03836387  
2026-06-07 03:25:47.792: Find a better model.
2026-06-07 03:44:19.917: [iter 32 : loss : 0.0176 = 0.0152 + -0.0000 + 0.0024, time: 1111.761807]
2026-06-07 03:46:12.063: epoch 32:	0.00992028  	0.07258487  	0.03866200  
2026-06-07 03:46:12.063: Find a better model.
2026-06-07 04:04:44.344: [iter 33 : loss : 0.0172 = 0.0148 + 0.0000 + 0.0024, time: 1111.941244]
2026-06-07 04:06:36.959: epoch 33:	0.00999399  	0.07307136  	0.03895523  
2026-06-07 04:06:36.960: Find a better model.
2026-06-07 04:25:10.224: [iter 34 : loss : 0.0165 = 0.0141 + -0.0000 + 0.0025, time: 1112.787342]
2026-06-07 04:27:03.202: epoch 34:	0.01006174  	0.07360252  	0.03920084  
2026-06-07 04:27:03.202: Find a better model.
2026-06-07 04:45:35.424: [iter 35 : loss : 0.0164 = 0.0139 + 0.0000 + 0.0025, time: 1111.823734]
2026-06-07 04:47:27.311: epoch 35:	0.01014009  	0.07414316  	0.03953462  
2026-06-07 04:47:27.312: Find a better model.
2026-06-07 05:06:03.313: [iter 36 : loss : 0.0158 = 0.0132 + 0.0000 + 0.0026, time: 1115.624640]
2026-06-07 05:07:56.011: epoch 36:	0.01021323  	0.07465932  	0.03978285  
2026-06-07 05:07:56.011: Find a better model.
2026-06-07 05:26:30.557: [iter 37 : loss : 0.0155 = 0.0129 + 0.0000 + 0.0026, time: 1114.132884]
2026-06-07 05:28:22.637: epoch 37:	0.01026942  	0.07504141  	0.03998079  
2026-06-07 05:28:22.637: Find a better model.
2026-06-07 05:46:55.242: [iter 38 : loss : 0.0150 = 0.0124 + -0.0000 + 0.0026, time: 1112.249796]
2026-06-07 05:48:48.361: epoch 38:	0.01034970  	0.07557807  	0.04029504  
2026-06-07 05:48:48.362: Find a better model.
2026-06-07 06:07:15.924: [iter 39 : loss : 0.0149 = 0.0122 + 0.0000 + 0.0027, time: 1107.165740]
2026-06-07 06:09:07.166: epoch 39:	0.01041514  	0.07597853  	0.04054233  
2026-06-07 06:09:07.166: Find a better model.
2026-06-07 06:27:39.551: [iter 40 : loss : 0.0146 = 0.0119 + -0.0000 + 0.0027, time: 1112.003959]
2026-06-07 06:29:32.569: epoch 40:	0.01047479  	0.07634030  	0.04081871  
2026-06-07 06:29:32.569: Find a better model.
2026-06-07 06:48:08.240: [iter 41 : loss : 0.0143 = 0.0116 + 0.0000 + 0.0027, time: 1115.304433]
2026-06-07 06:50:00.377: epoch 41:	0.01053676  	0.07678416  	0.04106500  
2026-06-07 06:50:00.377: Find a better model.
2026-06-07 07:08:31.398: [iter 42 : loss : 0.0140 = 0.0113 + -0.0000 + 0.0027, time: 1110.642745]
2026-06-07 07:10:56.831: epoch 42:	0.01060048  	0.07724582  	0.04132941  
2026-06-07 07:10:56.831: Find a better model.
2026-06-07 07:29:28.740: [iter 43 : loss : 0.0137 = 0.0109 + 0.0000 + 0.0028, time: 1111.556516]
2026-06-07 07:31:53.471: epoch 43:	0.01066074  	0.07762339  	0.04154038  
2026-06-07 07:31:53.472: Find a better model.
2026-06-07 07:50:24.209: [iter 44 : loss : 0.0135 = 0.0107 + -0.0000 + 0.0028, time: 1110.357918]
2026-06-07 07:52:51.165: epoch 44:	0.01071559  	0.07803481  	0.04171132  
2026-06-07 07:52:51.165: Find a better model.
2026-06-07 08:11:25.408: [iter 45 : loss : 0.0132 = 0.0103 + 0.0000 + 0.0028, time: 1113.882493]
2026-06-07 08:13:17.310: epoch 45:	0.01074850  	0.07821006  	0.04178862  
2026-06-07 08:13:17.310: Find a better model.
2026-06-07 08:31:48.047: [iter 46 : loss : 0.0131 = 0.0103 + 0.0000 + 0.0028, time: 1110.387306]
2026-06-07 08:33:42.037: epoch 46:	0.01079239  	0.07838617  	0.04186561  
2026-06-07 08:33:42.038: Find a better model.
2026-06-07 08:52:17.853: [iter 47 : loss : 0.0127 = 0.0098 + -0.0000 + 0.0028, time: 1115.443840]
2026-06-07 08:54:10.745: epoch 47:	0.01085801  	0.07891092  	0.04215087  
2026-06-07 08:54:10.745: Find a better model.
2026-06-07 09:12:38.880: [iter 48 : loss : 0.0124 = 0.0095 + -0.0000 + 0.0029, time: 1107.775072]
2026-06-07 09:14:30.556: epoch 48:	0.01089690  	0.07914989  	0.04231175  
2026-06-07 09:14:30.556: Find a better model.
2026-06-07 09:33:03.546: [iter 49 : loss : 0.0122 = 0.0093 + 0.0000 + 0.0029, time: 1112.636482]
2026-06-07 09:34:55.695: epoch 49:	0.01092499  	0.07944472  	0.04245622  
2026-06-07 09:34:55.696: Find a better model.
2026-06-07 09:53:27.610: [iter 50 : loss : 0.0121 = 0.0092 + -0.0000 + 0.0029, time: 1111.520628]
2026-06-07 09:55:21.896: epoch 50:	0.01099907  	0.07982417  	0.04270572  
2026-06-07 09:55:21.896: Find a better model.
2026-06-07 10:13:55.094: [iter 51 : loss : 0.0118 = 0.0089 + 0.0000 + 0.0029, time: 1112.831659]
2026-06-07 10:15:48.161: epoch 51:	0.01105182  	0.08014844  	0.04289696  
2026-06-07 10:15:48.162: Find a better model.
2026-06-07 10:34:22.862: [iter 52 : loss : 0.0116 = 0.0086 + 0.0000 + 0.0029, time: 1114.336241]
2026-06-07 10:36:15.614: epoch 52:	0.01111823  	0.08059237  	0.04313432  
2026-06-07 10:36:15.614: Find a better model.
2026-06-07 10:54:48.534: [iter 53 : loss : 0.0115 = 0.0086 + -0.0000 + 0.0030, time: 1112.557508]
2026-06-07 10:56:41.571: epoch 53:	0.01115212  	0.08090843  	0.04335966  
2026-06-07 10:56:41.571: Find a better model.
2026-06-07 11:15:12.591: [iter 54 : loss : 0.0113 = 0.0083 + -0.0000 + 0.0030, time: 1110.624429]
2026-06-07 11:17:39.934: epoch 54:	0.01120541  	0.08119326  	0.04358223  
2026-06-07 11:17:39.934: Find a better model.
2026-06-07 11:36:11.636: [iter 55 : loss : 0.0111 = 0.0081 + -0.0000 + 0.0030, time: 1111.338040]
2026-06-07 11:38:04.390: epoch 55:	0.01124662  	0.08144322  	0.04371680  
2026-06-07 11:38:04.391: Find a better model.
2026-06-07 11:56:40.476: [iter 56 : loss : 0.0109 = 0.0079 + -0.0000 + 0.0030, time: 1115.716733]
2026-06-07 11:58:37.428: epoch 56:	0.01129147  	0.08171677  	0.04386955  
2026-06-07 11:58:37.428: Find a better model.
2026-06-07 12:17:08.639: [iter 57 : loss : 0.0107 = 0.0077 + 0.0000 + 0.0030, time: 1110.827396]
2026-06-07 12:19:04.745: epoch 57:	0.01131841  	0.08196509  	0.04403388  
2026-06-07 12:19:04.745: Find a better model.
