2026-06-07 12:14:44.560: ============================================================
2026-06-07 12:14:44.560:                     SGL Training Log
2026-06-07 12:14:44.560: ============================================================
2026-06-07 12:14:44.560: PID:              28604
2026-06-07 12:14:44.560: Model:            model.general_recommender.SGL
2026-06-07 12:14:44.560: Model Class:      SGL
2026-06-07 12:14:44.560: Log Time:         2026-06-07 12:14:44
2026-06-07 12:14:44.560: ────────────────────────────────────────────────────────────
2026-06-07 12:14:44.560: [Dataset]
2026-06-07 12:14:44.560:   Name:            yelp2018
2026-06-07 12:14:44.560:   Users:           31,668
2026-06-07 12:14:44.560:   Items:           38,048
2026-06-07 12:14:44.560:   Ratings (total): 1,561,406
2026-06-07 12:14:44.560:   Train:           1,237,259
2026-06-07 12:14:44.560:   Test:            324,147
2026-06-07 12:14:44.560:   Sparsity:        99.8704%
2026-06-07 12:14:44.560: ────────────────────────────────────────────────────────────
2026-06-07 12:14:44.560: [Model Architecture]
2026-06-07 12:14:44.560:   Base Model:       LightGCN (SGL)
2026-06-07 12:14:44.560:   Embedding Size:   64
2026-06-07 12:14:44.560:   GCN Layers:       3
2026-06-07 12:14:44.560:   Augmentation:     ED
2026-06-07 12:14:44.560:   Adjacency Type:   pre
2026-06-07 12:14:44.561:   Parameter Init:   xavier_uniform
2026-06-07 12:14:44.561:   Total Params:     4,461,824
2026-06-07 12:14:44.561: ────────────────────────────────────────────────────────────
2026-06-07 12:14:44.561: [Hyperparameters]
2026-06-07 12:14:44.561:   Batch Size:       1024
2026-06-07 12:14:44.561:   Learning Rate:    0.001
2026-06-07 12:14:44.561:   Optimizer:        adam
2026-06-07 12:14:44.561:   Reg (L2):         0.0001
2026-06-07 12:14:44.561:   SSL Reg:          0.1
2026-06-07 12:14:44.561:   SSL Ratio:        0.1
2026-06-07 12:14:44.561:   SSL Temp:         0.2
2026-06-07 12:14:44.561:   SSL Mode:         both_side
2026-06-07 12:14:44.561:   Max Epochs:       1000
2026-06-07 12:14:44.561:   Negative Samples: 1
2026-06-07 12:14:44.561:   Stop Patience:    10
2026-06-07 12:14:44.561: ────────────────────────────────────────────────────────────
2026-06-07 12:14:44.561: [Hardware]
2026-06-07 12:14:44.561:   GPU ID:           3
2026-06-07 12:14:44.687:   CUDA Available:   True
2026-06-07 12:14:44.772:   GPU Name:         NVIDIA GeForce RTX 4090
2026-06-07 12:14:44.772:   GPU Memory:       23.5 GB
2026-06-07 12:14:44.772:   Test Threads:     8
2026-06-07 12:14:44.772:   Test Batch Size:  128
2026-06-07 12:14:44.772: ============================================================
2026-06-07 12:14:44.773: Training started at 2026-06-07 12:14:44
2026-06-07 12:14:44.773: ============================================================
2026-06-07 12:14:48.213: metrics:	Precision@20	Recall@20   	NDCG@20     
2026-06-07 12:16:30.467: [iter 1 : loss : 2.9721 = 0.6930 + 2.2790 + 0.0000, time: 102.252780]
2026-06-07 12:16:31.914: epoch 1:	0.00192148  	0.00400815  	0.00338615  
2026-06-07 12:16:31.915: Find a better model.
2026-06-07 12:18:12.847: [iter 2 : loss : 2.9625 = 0.6929 + 2.2696 + 0.0000, time: 100.763891]
2026-06-07 12:18:14.282: epoch 2:	0.00250884  	0.00529734  	0.00442616  
2026-06-07 12:18:14.282: Find a better model.
2026-06-07 12:19:54.913: [iter 3 : loss : 2.9618 = 0.6927 + 2.2691 + 0.0000, time: 100.430542]
2026-06-07 12:19:56.321: epoch 3:	0.00311832  	0.00665713  	0.00567178  
2026-06-07 12:19:56.321: Find a better model.
