2026-06-06 18:56:05.027: ============================================================
2026-06-06 18:56:05.027:                     SGL Training Log
2026-06-06 18:56:05.027: ============================================================
2026-06-06 18:56:05.027: PID:              1864808
2026-06-06 18:56:05.027: Model:            model.general_recommender.SGL
2026-06-06 18:56:05.027: Model Class:      SGL
2026-06-06 18:56:05.027: Log Time:         2026-06-06 18:56:05
2026-06-06 18:56:05.027: ────────────────────────────────────────────────────────────
2026-06-06 18:56:05.027: [Dataset]
2026-06-06 18:56:05.027:   Name:            yelp2018
2026-06-06 18:56:05.027:   Users:           31,668
2026-06-06 18:56:05.028:   Items:           38,048
2026-06-06 18:56:05.028:   Ratings (total): 1,561,406
2026-06-06 18:56:05.028:   Train:           1,237,259
2026-06-06 18:56:05.028:   Test:            324,147
2026-06-06 18:56:05.028:   Sparsity:        99.8704%
2026-06-06 18:56:05.028: ────────────────────────────────────────────────────────────
2026-06-06 18:56:05.028: [Model Architecture]
2026-06-06 18:56:05.028:   Base Model:       LightGCN (SGL)
2026-06-06 18:56:05.028:   Embedding Size:   64
2026-06-06 18:56:05.028:   GCN Layers:       3
2026-06-06 18:56:05.028:   Augmentation:     ED
2026-06-06 18:56:05.028:   Adjacency Type:   pre
2026-06-06 18:56:05.028:   Parameter Init:   xavier_uniform
2026-06-06 18:56:05.028:   Total Params:     4,461,824
2026-06-06 18:56:05.028: ────────────────────────────────────────────────────────────
2026-06-06 18:56:05.028: [Hyperparameters]
2026-06-06 18:56:05.028:   Batch Size:       1024
2026-06-06 18:56:05.028:   Learning Rate:    0.001
2026-06-06 18:56:05.028:   Optimizer:        adam
2026-06-06 18:56:05.028:   Reg (L2):         0.0001
2026-06-06 18:56:05.028:   SSL Reg:          0.1
2026-06-06 18:56:05.028:   SSL Ratio:        0.1
2026-06-06 18:56:05.028:   SSL Temp:         0.2
2026-06-06 18:56:05.028:   SSL Mode:         both_side
2026-06-06 18:56:05.028:   Max Epochs:       1000
2026-06-06 18:56:05.028:   Negative Samples: 1
2026-06-06 18:56:05.028:   Stop Patience:    10
2026-06-06 18:56:05.028: ────────────────────────────────────────────────────────────
2026-06-06 18:56:05.028: [Hardware]
2026-06-06 18:56:05.028:   GPU ID:           0
2026-06-06 18:56:05.838:   CUDA Available:   True
2026-06-06 18:56:06.007:   GPU Name:         NVIDIA GeForce RTX 4090
2026-06-06 18:56:06.008:   GPU Memory:       23.5 GB
2026-06-06 18:56:06.008:   Test Threads:     8
2026-06-06 18:56:06.008:   Test Batch Size:  128
2026-06-06 18:56:06.008: ============================================================
2026-06-06 18:56:06.008: Training started at 2026-06-06 18:56:06
2026-06-06 18:56:06.008: ============================================================
2026-06-06 18:56:10.676: metrics:	Precision@20	Recall@20   	NDCG@20     
2026-06-06 19:00:09.986: [iter 1 : loss : 2.9721 = 0.6930 + 2.2790 + 0.0000, time: 239.103467]
2026-06-06 19:00:13.700: epoch 1:	0.00192148  	0.00400815  	0.00338615  
2026-06-06 19:00:13.701: Find a better model.
2026-06-06 19:05:37.810: [iter 2 : loss : 2.9625 = 0.6929 + 2.2696 + 0.0000, time: 323.942334]
2026-06-06 19:05:40.050: epoch 2:	0.00250884  	0.00529734  	0.00442616  
2026-06-06 19:05:40.051: Find a better model.
2026-06-06 19:08:59.522: [iter 3 : loss : 2.9618 = 0.6927 + 2.2691 + 0.0000, time: 199.226598]
2026-06-06 19:09:01.712: epoch 3:	0.00311832  	0.00665713  	0.00567178  
2026-06-06 19:09:01.713: Find a better model.
2026-06-06 19:14:26.620: [iter 4 : loss : 2.9614 = 0.6924 + 2.2690 + 0.0000, time: 324.722190]
2026-06-06 19:14:28.866: epoch 4:	0.00356832  	0.00773317  	0.00652228  
2026-06-06 19:14:28.866: Find a better model.
2026-06-06 19:18:44.246: [iter 5 : loss : 2.9610 = 0.6919 + 2.2691 + 0.0000, time: 255.196052]
2026-06-06 19:18:45.687: epoch 5:	0.00440358  	0.00960512  	0.00817403  
2026-06-06 19:18:45.687: Find a better model.
2026-06-06 19:22:43.886: [iter 6 : loss : 2.9602 = 0.6911 + 2.2691 + 0.0000, time: 238.005337]
2026-06-06 19:22:46.119: epoch 6:	0.00534306  	0.01178467  	0.00988298  
2026-06-06 19:22:46.119: Find a better model.
2026-06-06 19:28:09.798: [iter 7 : loss : 2.9590 = 0.6894 + 2.2696 + 0.0000, time: 323.484300]
2026-06-06 19:28:11.959: epoch 7:	0.00536831  	0.01195097  	0.00972741  
2026-06-06 19:28:11.960: Find a better model.
2026-06-06 19:31:17.819: [iter 8 : loss : 2.9545 = 0.6835 + 2.2709 + 0.0001, time: 185.685170]
2026-06-06 19:31:20.000: epoch 8:	0.00538093  	0.01245823  	0.00995874  
2026-06-06 19:31:20.002: Find a better model.
2026-06-06 19:36:44.042: [iter 9 : loss : 2.9401 = 0.6666 + 2.2734 + 0.0001, time: 323.851801]
2026-06-06 19:36:46.269: epoch 9:	0.00813458  	0.01844277  	0.01509709  
2026-06-06 19:36:46.269: Find a better model.
2026-06-06 19:41:08.709: [iter 10 : loss : 2.8973 = 0.6166 + 2.2803 + 0.0003, time: 262.238771]
2026-06-06 19:41:10.152: epoch 10:	0.01105998  	0.02457040  	0.02015135  
2026-06-06 19:41:10.152: Find a better model.
2026-06-06 19:45:40.020: [iter 11 : loss : 2.8300 = 0.5396 + 2.2896 + 0.0007, time: 269.696414]
2026-06-06 19:45:42.275: epoch 11:	0.01585930  	0.03508400  	0.02908083  
2026-06-06 19:45:42.275: Find a better model.
2026-06-06 19:51:05.786: [iter 12 : loss : 2.7477 = 0.4483 + 2.2982 + 0.0012, time: 323.317296]
2026-06-06 19:51:08.029: epoch 12:	0.02283046  	0.05114295  	0.04229902  
2026-06-06 19:51:08.030: Find a better model.
2026-06-06 19:53:47.322: [iter 13 : loss : 2.6602 = 0.3534 + 2.3049 + 0.0019, time: 159.077716]
2026-06-06 19:53:49.662: epoch 13:	0.02753638  	0.06181849  	0.05078903  
2026-06-06 19:53:49.663: Find a better model.
2026-06-06 19:59:15.936: [iter 14 : loss : 2.5835 = 0.2710 + 2.3099 + 0.0026, time: 326.044676]
2026-06-06 19:59:18.286: epoch 14:	0.02917655  	0.06563643  	0.05387094  
2026-06-06 19:59:18.286: Find a better model.
2026-06-06 20:03:39.963: [iter 15 : loss : 2.5257 = 0.2101 + 2.3123 + 0.0033, time: 261.451717]
2026-06-06 20:03:41.402: epoch 15:	0.02963120  	0.06686510  	0.05473707  
2026-06-06 20:03:41.402: Find a better model.
2026-06-06 20:08:05.832: [iter 16 : loss : 2.4851 = 0.1684 + 2.3127 + 0.0040, time: 264.243440]
2026-06-06 20:08:08.039: epoch 16:	0.02977170  	0.06716873  	0.05503066  
2026-06-06 20:08:08.039: Find a better model.
2026-06-06 20:13:34.376: [iter 17 : loss : 2.4558 = 0.1394 + 2.3117 + 0.0047, time: 326.161371]
2026-06-06 20:13:36.566: epoch 17:	0.02978592  	0.06718964  	0.05509245  
2026-06-06 20:13:36.566: Find a better model.
2026-06-06 20:16:42.274: [iter 18 : loss : 2.4342 = 0.1190 + 2.3100 + 0.0053, time: 185.512976]
2026-06-06 20:16:44.531: epoch 18:	0.02976535  	0.06721307  	0.05492892  
2026-06-06 20:16:44.531: Find a better model.
2026-06-06 20:22:09.224: [iter 19 : loss : 2.4181 = 0.1043 + 2.3080 + 0.0058, time: 324.512040]
2026-06-06 20:22:11.442: epoch 19:	0.02962484  	0.06684002  	0.05469696  
2026-06-06 20:26:14.227: [iter 20 : loss : 2.4053 = 0.0928 + 2.3062 + 0.0063, time: 242.607798]
2026-06-06 20:26:15.689: epoch 20:	0.02952855  	0.06663251  	0.05454885  
2026-06-06 20:31:04.480: [iter 21 : loss : 2.3947 = 0.0836 + 2.3043 + 0.0068, time: 288.585853]
2026-06-06 20:31:06.698: epoch 21:	0.02943698  	0.06626613  	0.05422611  
2026-06-06 20:36:28.880: [iter 22 : loss : 2.3862 = 0.0762 + 2.3027 + 0.0072, time: 322.001842]
2026-06-06 20:36:30.382: epoch 22:	0.02919699  	0.06572998  	0.05389636  
2026-06-06 20:39:58.789: [iter 23 : loss : 2.3792 = 0.0702 + 2.3013 + 0.0077, time: 208.226036]
2026-06-06 20:40:01.081: epoch 23:	0.02903442  	0.06524997  	0.05358131  
2026-06-06 20:45:26.053: [iter 24 : loss : 2.3732 = 0.0654 + 2.2997 + 0.0081, time: 324.782911]
2026-06-06 20:45:28.271: epoch 24:	0.02883708  	0.06464606  	0.05317501  
2026-06-06 20:48:52.490: [iter 25 : loss : 2.3681 = 0.0613 + 2.2984 + 0.0084, time: 204.037987]
2026-06-06 20:48:53.914: epoch 25:	0.02868397  	0.06417019  	0.05283857  
2026-06-06 20:54:18.210: [iter 26 : loss : 2.3638 = 0.0579 + 2.2972 + 0.0088, time: 324.122696]
2026-06-06 20:54:20.392: epoch 26:	0.02855292  	0.06383760  	0.05252079  
2026-06-06 20:59:11.138: [iter 27 : loss : 2.3598 = 0.0545 + 2.2962 + 0.0091, time: 290.558136]
2026-06-06 20:59:12.655: epoch 27:	0.02827983  	0.06307575  	0.05205362  
2026-06-06 21:03:21.181: [iter 28 : loss : 2.3561 = 0.0514 + 2.2952 + 0.0095, time: 248.292849]
2026-06-06 21:03:23.392: epoch 28:	0.02809515  	0.06256175  	0.05176594  
2026-06-06 21:03:23.392: Early stopping is trigger at epoch: 28
2026-06-06 21:03:23.392: best_result@epoch 18:

2026-06-06 21:03:23.392: 		0.0298      	0.0672      	0.0549      
