2026-05-29 10:39:58.640: my pid: 540597
2026-05-29 10:39:58.640: model: model.general_recommender.SGL
2026-05-29 10:39:58.640: Dataset statistics:
Name: yelp_full
The number of users: 287116
The number of items: 150346
The number of ratings: 3513735
Average actions of users: 12.24
Average actions of items: 23.37
The sparsity of the dataset: 99.991860%

The number of training: 2714456
The number of validation: 0
The number of testing: 799279
2026-05-29 10:39:58.640: NeuRec:[NeuRec]:
recommender=SGL
dataset=yelp_full
file_column=UI
sep=','
gpu_id=0
metric=["Precision", "Recall", "NDCG"]
top_k=[20]
test_thread=8
test_batch_size=128
seed=42
start_testing_epoch=0

SGL:[hyperparameters]:
aug_type=ED
reg=1e-4
embed_size=64
n_layers=3
ssl_reg=0.1
ssl_ratio=0.1
ssl_temp=0.2
ssl_mode=both_side
lr=0.001
learner=adam
adj_type=pre
epochs=1000
batch_size=2048
num_negatives=1
param_init=xavier_uniform
stddev=0.01
verbose=1
stop_cnt=10
pretrain_flag=0
save_flag=0

Command line:
recommender=SGL
dataset=yelp_full
2026-05-29 10:40:35.387: metrics:	Precision@20	Recall@20   	NDCG@20     
2026-05-29 11:05:52.874: [iter 1 : loss : 2.0321 = 0.6503 + 1.3818 + 0.0000, time: 1517.484791]
2026-05-29 11:09:49.526: epoch 1:	0.00063702  	0.00430969  	0.00195487  
2026-05-29 11:09:49.527: Find a better model.
2026-05-29 11:35:09.646: [iter 2 : loss : 2.0264 = 0.6495 + 1.3769 + 0.0000, time: 1520.045279]
2026-05-29 11:39:07.063: epoch 2:	0.00070183  	0.00582475  	0.00251302  
2026-05-29 11:39:07.063: Find a better model.
2026-05-29 12:04:27.028: [iter 3 : loss : 2.0224 = 0.6458 + 1.3766 + 0.0000, time: 1519.873393]
2026-05-29 12:08:24.271: epoch 3:	0.00229044  	0.01843532  	0.00909882  
2026-05-29 12:08:24.271: Find a better model.
2026-05-29 12:33:44.296: [iter 4 : loss : 1.9784 = 0.5948 + 1.3835 + 0.0001, time: 1519.944841]
2026-05-29 12:37:40.637: epoch 4:	0.00824182  	0.06247199  	0.03386209  
2026-05-29 12:37:40.637: Find a better model.
2026-05-29 13:02:59.112: [iter 5 : loss : 1.7733 = 0.3638 + 1.4090 + 0.0005, time: 1518.387613]
2026-05-29 13:06:55.450: epoch 5:	0.01105038  	0.08256336  	0.04444295  
2026-05-29 13:06:55.450: Find a better model.
2026-05-29 13:32:14.940: [iter 6 : loss : 1.5866 = 0.1659 + 1.4195 + 0.0012, time: 1519.401980]
2026-05-29 13:36:12.673: epoch 6:	0.01184604  	0.08755998  	0.04733507  
2026-05-29 13:36:12.674: Find a better model.
2026-05-29 14:01:30.999: [iter 7 : loss : 1.5064 = 0.0916 + 1.4130 + 0.0018, time: 1518.217193]
2026-05-29 14:05:27.008: epoch 7:	0.01251350  	0.09136055  	0.04960363  
2026-05-29 14:05:27.008: Find a better model.
2026-05-29 14:30:46.249: [iter 8 : loss : 1.4664 = 0.0592 + 1.4050 + 0.0023, time: 1519.146229]
2026-05-29 14:34:43.206: epoch 8:	0.01299770  	0.09377880  	0.05111505  
2026-05-29 14:34:43.207: Find a better model.
2026-05-29 15:00:03.704: [iter 9 : loss : 1.4431 = 0.0412 + 1.3992 + 0.0027, time: 1520.415913]
2026-05-29 15:04:01.459: epoch 9:	0.01326325  	0.09472897  	0.05180624  
2026-05-29 15:04:01.459: Find a better model.
2026-05-29 15:29:21.831: [iter 10 : loss : 1.4282 = 0.0305 + 1.3947 + 0.0031, time: 1520.295780]
2026-05-29 15:33:20.347: epoch 10:	0.01339468  	0.09465420  	0.05199952  
2026-05-29 15:58:40.188: [iter 11 : loss : 1.4179 = 0.0235 + 1.3910 + 0.0034, time: 1519.729368]
2026-05-29 16:02:37.751: epoch 11:	0.01343773  	0.09421341  	0.05190811  
2026-05-29 16:27:57.506: [iter 12 : loss : 1.4113 = 0.0188 + 1.3888 + 0.0037, time: 1519.661917]
2026-05-29 16:31:53.680: epoch 12:	0.01340576  	0.09326259  	0.05156384  
2026-05-29 16:57:13.896: [iter 13 : loss : 1.4071 = 0.0156 + 1.3876 + 0.0040, time: 1520.112224]
2026-05-29 16:59:11.716: epoch 13:	0.01337822  	0.09234855  	0.05112019  
2026-05-29 17:24:30.909: [iter 14 : loss : 1.4033 = 0.0133 + 1.3858 + 0.0042, time: 1519.098017]
2026-05-29 17:28:29.167: epoch 14:	0.01329349  	0.09089266  	0.05052160  
2026-05-29 17:53:50.014: [iter 15 : loss : 1.4012 = 0.0115 + 1.3854 + 0.0044, time: 1520.746897]
2026-05-29 17:55:48.176: epoch 15:	0.01317298  	0.08947234  	0.04985229  
2026-05-29 18:21:08.332: [iter 16 : loss : 1.3989 = 0.0103 + 1.3841 + 0.0046, time: 1520.056618]
2026-05-29 18:24:07.278: epoch 16:	0.01306056  	0.08803531  	0.04925056  
2026-05-29 18:49:27.191: [iter 17 : loss : 1.3971 = 0.0092 + 1.3832 + 0.0047, time: 1519.815506]
2026-05-29 18:52:28.916: epoch 17:	0.01296007  	0.08673331  	0.04860889  
2026-05-29 19:17:48.347: [iter 18 : loss : 1.3960 = 0.0084 + 1.3827 + 0.0048, time: 1519.338427]
2026-05-29 19:21:45.897: epoch 18:	0.01286498  	0.08557052  	0.04799381  
2026-05-29 19:47:05.316: [iter 19 : loss : 1.3951 = 0.0078 + 1.3823 + 0.0050, time: 1519.332151]
2026-05-29 19:49:03.208: epoch 19:	0.01277277  	0.08444636  	0.04746156  
2026-05-29 19:49:03.208: Early stopping is trigger at epoch: 19
2026-05-29 19:49:03.208: best_result@epoch 9:

2026-05-29 19:49:03.208: 		0.0133      	0.0947      	0.0518      
