2026-05-30 16:27:30.440: my pid: 382539
2026-05-30 16:27:30.440: model: model.general_recommender.SGL
2026-05-30 16:27:30.440: Dataset statistics:
Name: yelp_full
The number of users: 287116
The number of items: 150346
The number of ratings: 3513735
Average actions of users: 12.24
Average actions of items: 23.37
The sparsity of the dataset: 99.991860%

The number of training: 2714456
The number of validation: 0
The number of testing: 799279
2026-05-30 16:27:30.440: NeuRec:[NeuRec]:
recommender=SGL
dataset=yelp_full
file_column=UI
sep=','
gpu_id=0
metric=["Precision", "Recall", "NDCG"]
top_k=[20]
test_thread=8
test_batch_size=128
seed=42
start_testing_epoch=0
batch_size=1024

SGL:[hyperparameters]:
aug_type=ED
reg=1e-4
embed_size=64
n_layers=3
ssl_reg=0.1
ssl_ratio=0.1
ssl_temp=0.2
ssl_mode=both_side
lr=0.001
learner=adam
adj_type=pre
epochs=1000
batch_size=1024
num_negatives=1
param_init=xavier_uniform
stddev=0.01
verbose=1
stop_cnt=10
pretrain_flag=0
save_flag=0

Command line:
recommender=SGL
dataset=yelp_full
2026-05-30 16:27:56.051: metrics:	Precision@20	Recall@20   	NDCG@20     
2026-05-30 16:57:17.203: [iter 1 : loss : 3.4395 = 0.6498 + 2.7897 + 0.0000, time: 1761.150716]
2026-05-30 17:02:08.930: epoch 1:	0.00038813  	0.00245689  	0.00117215  
2026-05-30 17:02:08.931: Find a better model.
2026-05-30 17:31:32.223: [iter 2 : loss : 3.4303 = 0.6458 + 2.7845 + 0.0000, time: 1762.808850]
2026-05-30 17:36:23.269: epoch 2:	0.00060836  	0.00421397  	0.00191209  
2026-05-30 17:36:23.270: Find a better model.
2026-05-30 18:05:46.860: [iter 3 : loss : 3.4020 = 0.6140 + 2.7879 + 0.0001, time: 1762.899285]
2026-05-30 18:10:29.706: epoch 3:	0.00474188  	0.03535967  	0.01878188  
2026-05-30 18:10:29.707: Find a better model.
2026-05-30 18:39:45.105: [iter 4 : loss : 3.2220 = 0.4105 + 2.8111 + 0.0004, time: 1754.865207]
2026-05-30 18:44:57.784: epoch 4:	0.01194216  	0.08649322  	0.04681865  
2026-05-30 18:44:57.785: Find a better model.
2026-05-30 19:14:16.681: [iter 5 : loss : 3.0009 = 0.1710 + 2.8288 + 0.0011, time: 1758.205644]
2026-05-30 19:19:14.328: epoch 5:	0.01360085  	0.09715661  	0.05303539  
2026-05-30 19:19:14.328: Find a better model.
2026-05-30 19:48:32.474: [iter 6 : loss : 2.9066 = 0.0814 + 2.8233 + 0.0019, time: 1757.687782]
2026-05-30 19:53:16.309: epoch 6:	0.01403808  	0.09918625  	0.05448661  
2026-05-30 19:53:16.309: Find a better model.
2026-05-30 20:22:39.663: [iter 7 : loss : 2.8665 = 0.0483 + 2.8156 + 0.0025, time: 1762.581560]
2026-05-30 20:27:44.813: epoch 7:	0.01408809  	0.09847809  	0.05443387  
2026-05-30 20:57:06.919: [iter 8 : loss : 2.8454 = 0.0329 + 2.8095 + 0.0031, time: 1761.389144]
2026-05-30 21:01:57.959: epoch 8:	0.01400969  	0.09689032  	0.05385720  
2026-05-30 21:31:20.610: [iter 9 : loss : 2.8343 = 0.0245 + 2.8063 + 0.0035, time: 1762.029383]
2026-05-30 21:36:29.517: epoch 9:	0.01389474  	0.09519531  	0.05303346  
2026-05-30 22:05:49.323: [iter 10 : loss : 2.8267 = 0.0195 + 2.8033 + 0.0039, time: 1759.122914]
2026-05-30 22:10:12.929: epoch 10:	0.01371897  	0.09309897  	0.05210234  
2026-05-30 22:39:32.429: [iter 11 : loss : 2.8209 = 0.0162 + 2.8004 + 0.0042, time: 1758.741182]
2026-05-30 22:44:46.440: epoch 11:	0.01353052  	0.09096878  	0.05106703  
2026-05-30 23:14:06.816: [iter 12 : loss : 2.8179 = 0.0141 + 2.7993 + 0.0045, time: 1759.614139]
2026-05-30 23:19:04.585: epoch 12:	0.01334571  	0.08892515  	0.05001004  
2026-05-30 23:48:22.476: [iter 13 : loss : 2.8167 = 0.0125 + 2.7995 + 0.0047, time: 1757.212154]
2026-05-30 23:53:15.991: epoch 13:	0.01316325  	0.08707590  	0.04913330  
2026-05-31 00:22:35.246: [iter 14 : loss : 2.8141 = 0.0113 + 2.7979 + 0.0049, time: 1758.419816]
2026-05-31 00:27:43.097: epoch 14:	0.01297594  	0.08518875  	0.04820373  
2026-05-31 00:57:03.722: [iter 15 : loss : 2.8141 = 0.0104 + 2.7986 + 0.0051, time: 1760.044610]
2026-05-31 01:02:05.905: epoch 15:	0.01280983  	0.08358731  	0.04739611  
2026-05-31 01:31:27.270: [iter 16 : loss : 2.8123 = 0.0097 + 2.7974 + 0.0052, time: 1760.818617]
2026-05-31 01:36:36.036: epoch 16:	0.01264797  	0.08190284  	0.04658669  
2026-05-31 01:36:36.037: Early stopping is trigger at epoch: 16
2026-05-31 01:36:36.037: best_result@epoch 6:

2026-05-31 01:36:36.037: 		0.0140      	0.0992      	0.0545      
