2026-05-30 16:18:30.439: my pid: 382301
2026-05-30 16:18:30.439: model: model.general_recommender.SGL
2026-05-30 16:18:30.439: Dataset statistics:
Name: yelp_full
The number of users: 287116
The number of items: 150346
The number of ratings: 3513735
Average actions of users: 12.24
Average actions of items: 23.37
The sparsity of the dataset: 99.991860%

The number of training: 2714456
The number of validation: 0
The number of testing: 799279
2026-05-30 16:18:30.439: NeuRec:[NeuRec]:
recommender=SGL
dataset=yelp_full
file_column=UI
sep=','
gpu_id=0
metric=["Precision", "Recall", "NDCG"]
top_k=[20]
test_thread=8
test_batch_size=128
seed=42
start_testing_epoch=0

SGL:[hyperparameters]:
aug_type=ED
reg=1e-4
embed_size=64
n_layers=3
ssl_reg=0.1
ssl_ratio=0.1
ssl_temp=0.2
ssl_mode=both_side
lr=0.001
learner=adam
adj_type=pre
epochs=1000
batch_size=2048
num_negatives=1
param_init=xavier_uniform
stddev=0.01
verbose=1
stop_cnt=10
pretrain_flag=0
save_flag=0

Command line:
recommender=SGL
dataset=yelp_full
2026-05-30 16:18:55.901: metrics:	Precision@20	Recall@20   	NDCG@20     
